 neural-network

 Timestamp is 57dcbf34 (Sat Sep 17 13:57:40 2016)

 Preferred load address is 0000000180000000

 Start         Length     Name                   Class
 0001:00000000 000000a0H .text$di                CODE
 0001:000000a0 000472e0H .text$mn                CODE
 0001:00047380 00000020H .text$mn$00             CODE
 0001:000473a0 00000500H .text$x                 CODE
 0001:000478a0 0000011cH .text$yd                CODE
 0002:00000000 000003e8H .idata$5                DATA
 0002:000003e8 00000010H .00cfg                  DATA
 0002:000003f8 00000008H .CRT$XCA                DATA
 0002:00000400 00000018H .CRT$XCC                DATA
 0002:00000418 00000010H .CRT$XCL                DATA
 0002:00000428 00000028H .CRT$XCU                DATA
 0002:00000450 00000008H .CRT$XCZ                DATA
 0002:00000458 00000008H .CRT$XIA                DATA
 0002:00000460 00000030H .CRT$XIC                DATA
 0002:00000490 00000008H .CRT$XIZ                DATA
 0002:00000498 00000008H .CRT$XLA                DATA
 0002:000004a0 00000008H .CRT$XLZ                DATA
 0002:000004a8 00000008H .CRT$XPA                DATA
 0002:000004b0 00000010H .CRT$XPX                DATA
 0002:000004c0 00000008H .CRT$XPXA               DATA
 0002:000004c8 00000008H .CRT$XPZ                DATA
 0002:000004d0 00000008H .CRT$XTA                DATA
 0002:000004d8 00000008H .CRT$XTZ                DATA
 0002:000004e0 00011d38H .rdata                  DATA
 0002:00012218 00000028H .rdata$T                DATA
 0002:00012240 00000b24H .rdata$r                DATA
 0002:00012d64 00000444H .rdata$zzzdbg           DATA
 0002:000131a8 00000008H .rtc$IAA                DATA
 0002:000131b0 00000008H .rtc$IZZ                DATA
 0002:000131b8 00000008H .rtc$TAA                DATA
 0002:000131c0 00000010H .rtc$TZZ                DATA
 0002:000131d0 00003fa8H .xdata                  DATA
 0002:00017178 00000458H .xdata$x                DATA
 0002:000175d0 00000058H .edata                  DATA
 0002:00017628 00000028H .idata$2                DATA
 0002:00017650 00000018H .idata$3                DATA
 0002:00017668 000003e8H .idata$4                DATA
 0002:00017a50 00001018H .idata$6                DATA
 0003:00000000 00000b90H .data                   DATA
 0003:00000b90 000004f0H .data$r                 DATA
 0003:00001080 00003f7cH .bss                    DATA
 0004:00000000 00003f48H .pdata                  DATA
 0005:00000000 000000b8H .gfids$x                DATA
 0005:000000b8 00000178H .gfids$y                DATA
 0006:00000000 00000004H .tls                    DATA
 0006:00000004 00000004H .tls$                   DATA
 0006:00000008 00000001H .tls$ZZZ                DATA
 0007:00000000 00000060H .rsrc$01                DATA
 0007:00000060 00000180H .rsrc$02                DATA

  Address         Publics by Value              Rva+Base               Lib:Object

 0000:00000000       __guard_iat_table          0000000000000000     <absolute>
 0000:00000000       __dynamic_value_reloc_table 0000000000000000     <absolute>
 0000:00000000       __guard_iat_count          0000000000000000     <absolute>
 0000:00000000       __guard_longjmp_table      0000000000000000     <absolute>
 0000:00000000       __guard_longjmp_count      0000000000000000     <absolute>
 0000:00000000       __guard_fids_count         0000000000000000     <absolute>
 0000:00000000       ___safe_se_handler_table   0000000000000000     <absolute>
 0000:00000000       ___safe_se_handler_count   0000000000000000     <absolute>
 0000:00000000       __guard_fids_table         0000000000000000     <absolute>
 0000:00000100       __guard_flags              0000000000000100     <absolute>
 0000:00000000       __ImageBase                0000000180000000     <linker-defined>
 0001:000000a0       ?what@exception@stdext@@UEBAPEBDXZ 00000001800010a0 f i data-class.obj
 0001:000000c0       ?_Lock@?$basic_streambuf@DU?$char_traits@D@std@@@std@@UEAAXXZ 00000001800010c0 f i data-class.obj
 0001:000000c0       ?imbue@?$basic_streambuf@DU?$char_traits@D@std@@@std@@MEAAXAEBVlocale@2@@Z 00000001800010c0 f i data-class.obj
 0001:000000c0       __except_validate_context_record 00000001800010c0 f i libvcruntime:jbcxrval.obj
 0001:000000c0       ?_Doraise@exception@stdext@@MEBAXXZ 00000001800010c0 f i data-class.obj
 0001:000000c0       _guard_check_icall_nop     00000001800010c0 f i LIBCMT:guard_support.obj
 0001:000000c0       ?_Unlock@?$basic_streambuf@DU?$char_traits@D@std@@@std@@UEAAXXZ 00000001800010c0 f i data-class.obj
 0001:000000d0       ??_Eexception@stdext@@UEAAPEAXI@Z 00000001800010d0 f i * CIL library *:* CIL module *
 0001:000000d0       ??_Eruntime_error@std@@UEAAPEAXI@Z 00000001800010d0 f i * CIL library *:* CIL module *
 0001:000000d0       ??_Gexception@stdext@@UEAAPEAXI@Z 00000001800010d0 f i data-class.obj
 0001:000000d0       ??_Gruntime_error@std@@UEAAPEAXI@Z 00000001800010d0 f i data-class.obj
 0001:00000100       ?_Deallocate@std@@YAXPEAX_K1@Z 0000000180001100 f i data-class.obj
 0001:00000170       ?_Doraise@failure@ios_base@std@@MEBAXXZ 0000000180001170 f i data-class.obj
 0001:00000170       ?_Doraise@runtime_error@std@@MEBAXXZ 0000000180001170 f i data-class.obj
 0001:00000190       ?NODE_SET_PROTOTYPE_METHOD@node@@YAXV?$Local@VFunctionTemplate@v8@@@v8@@PEBDP6AXAEBV?$FunctionCallbackInfo@VValue@v8@@@3@@Z@Z 0000000180001190 f i data-class.obj
 0001:000002b0       ??0_Locinfo@std@@QEAA@PEBD@Z 00000001800012b0 f i data-class.obj
 0001:00000370       ??1_Locinfo@std@@QEAA@XZ   0000000180001370 f i data-class.obj
 0001:00000410       ??_E_Facet_base@std@@UEAAPEAXI@Z 0000000180001410 f i * CIL library *:* CIL module *
 0001:00000410       ??_G_Facet_base@std@@UEAAPEAXI@Z 0000000180001410 f i data-class.obj
 0001:00000440       ?_Incref@facet@locale@std@@UEAAXXZ 0000000180001440 f i data-class.obj
 0001:00000450       ?_Decref@facet@locale@std@@UEAAPEAV_Facet_base@3@XZ 0000000180001450 f i data-class.obj
 0001:00000460       _get_startup_argv_mode     0000000180001460 f i LIBCMT:argv_mode.obj
 0001:00000460       DllMain                    0000000180001460 f i LIBCMT:dll_dllmain_stub.obj
 0001:00000460       ?do_encoding@codecvt_base@std@@MEBAHXZ 0000000180001460 f i data-class.obj
 0001:00000460       ?do_max_length@codecvt_base@std@@MEBAHXZ 0000000180001460 f i data-class.obj
 0001:00000470       ?_Getcat@?$ctype@D@std@@SA_KPEAPEBVfacet@locale@2@PEBV42@@Z 0000000180001470 f i data-class.obj
 0001:00000530       ?do_tolower@?$ctype@D@std@@MEBADD@Z 0000000180001530 f i data-class.obj
 0001:00000540       ?do_tolower@?$ctype@D@std@@MEBAPEBDPEADPEBD@Z 0000000180001540 f i data-class.obj
 0001:000005a0       ?do_toupper@?$ctype@D@std@@MEBADD@Z 00000001800015a0 f i data-class.obj
 0001:000005b0       ?do_toupper@?$ctype@D@std@@MEBAPEBDPEADPEBD@Z 00000001800015b0 f i data-class.obj
 0001:00000610       ?do_widen@?$ctype@D@std@@MEBADD@Z 0000000180001610 f i data-class.obj
 0001:00000610       ?do_narrow@?$ctype@D@std@@MEBADDD@Z 0000000180001610 f i data-class.obj
 0001:00000620       ?do_widen@?$ctype@D@std@@MEBAPEBDPEBD0PEAD@Z 0000000180001620 f i data-class.obj
 0001:00000640       ?do_narrow@?$ctype@D@std@@MEBAPEBDPEBD0DPEAD@Z 0000000180001640 f i data-class.obj
 0001:00000660       ??_G?$ctype@D@std@@MEAAPEAXI@Z 0000000180001660 f i data-class.obj
 0001:00000660       ??_E?$ctype@D@std@@MEAAPEAXI@Z 0000000180001660 f i * CIL library *:* CIL module *
 0001:000006d0       ??_E_Iostream_error_category@std@@UEAAPEAXI@Z 00000001800016d0 f i * CIL library *:* CIL module *
 0001:000006d0       ??_G_Iostream_error_category@std@@UEAAPEAXI@Z 00000001800016d0 f i data-class.obj
 0001:000006d0       ??_Eerror_category@std@@UEAAPEAXI@Z 00000001800016d0 f i * CIL library *:* CIL module *
 0001:000006d0       ??_Gerror_category@std@@UEAAPEAXI@Z 00000001800016d0 f i data-class.obj
 0001:00000700       ?default_error_condition@error_category@std@@UEBA?AVerror_condition@2@H@Z 0000000180001700 f i data-class.obj
 0001:00000710       ?equivalent@error_category@std@@UEBA_NHAEBVerror_condition@2@@Z 0000000180001710 f i data-class.obj
 0001:00000730       ?equivalent@error_category@std@@UEBA_NAEBVerror_code@2@H@Z 0000000180001730 f i data-class.obj
 0001:00000750       ?_Makestr@_System_error@std@@CA?AV?$basic_string@DU?$char_traits@D@std@@V?$allocator@D@2@@2@Verror_code@2@V32@@Z 0000000180001750 f i data-class.obj
 0001:00000850       ??_Gfailure@ios_base@std@@UEAAPEAXI@Z 0000000180001850 f i data-class.obj
 0001:00000850       ??_Efailure@ios_base@std@@UEAAPEAXI@Z 0000000180001850 f i * CIL library *:* CIL module *
 0001:00000850       ??_E_System_error@std@@UEAAPEAXI@Z 0000000180001850 f i * CIL library *:* CIL module *
 0001:00000850       ??_G_System_error@std@@UEAAPEAXI@Z 0000000180001850 f i data-class.obj
 0001:00000880       ?name@_Iostream_error_category@std@@UEBAPEBDXZ 0000000180001880 f i data-class.obj
 0001:00000890       ?message@_Iostream_error_category@std@@UEBA?AV?$basic_string@DU?$char_traits@D@std@@V?$allocator@D@2@@2@H@Z 0000000180001890 f i data-class.obj
 0001:00000910       ?clear@ios_base@std@@QEAAXH_N@Z 0000000180001910 f i data-class.obj
 0001:00000e50       ??_Gios_base@std@@UEAAPEAXI@Z 0000000180001e50 f i data-class.obj
 0001:00000e50       ??_Eios_base@std@@UEAAPEAXI@Z 0000000180001e50 f i * CIL library *:* CIL module *
 0001:00000e90       ??1ObjectWrap@node@@UEAA@XZ 0000000180001e90 f i data-class.obj
 0001:00000f00       ?Wrap@ObjectWrap@node@@IEAAXV?$Local@VObject@v8@@@v8@@@Z 0000000180001f00 f i data-class.obj
 0001:00000fe0       ?Ref@ObjectWrap@node@@MEAAXXZ 0000000180001fe0 f i data-class.obj
 0001:00001020       ?Unref@ObjectWrap@node@@MEAAXXZ 0000000180002020 f i data-class.obj
 0001:000010d0       ?WeakCallback@ObjectWrap@node@@CAXAEBV?$WeakCallbackInfo@VObjectWrap@node@@@v8@@@Z 00000001800020d0 f i data-class.obj
 0001:00001130       ??_EObjectWrap@node@@UEAAPEAXI@Z 0000000180002130 f i * CIL library *:* CIL module *
 0001:00001130       ??_GObjectWrap@node@@UEAAPEAXI@Z 0000000180002130 f i data-class.obj
 0001:00001170       ?Init@DataClass@ANN@@SAXV?$Local@VObject@v8@@@v8@@@Z 0000000180002170 f   data-class.obj
 0001:000013a0       ??0DataClass@ANN@@AEAA@XZ  00000001800023a0 f   data-class.obj
 0001:00001500       ??_GDataClass@ANN@@UEAAPEAXI@Z 0000000180002500 f i data-class.obj
 0001:00001500       ??_EDataClass@ANN@@UEAAPEAXI@Z 0000000180002500 f i * CIL library *:* CIL module *
 0001:00001540       ??1DataClass@ANN@@UEAA@XZ  0000000180002540 f i data-class.obj
 0001:00001640       ??0DataClass@ANN@@AEAA@H@Z 0000000180002640 f   data-class.obj
 0001:000017a0       ??0DataClass@ANN@@AEAA@HH@Z 00000001800027a0 f   data-class.obj
 0001:00001900       ??0DataClass@ANN@@AEAA@AEBV?$basic_string@DU?$char_traits@D@std@@V?$allocator@D@2@@std@@@Z 0000000180002900 f   data-class.obj
 0001:000019f0       ?New@DataClass@ANN@@CAXAEBV?$FunctionCallbackInfo@VValue@v8@@@v8@@@Z 00000001800029f0 f   data-class.obj
 0001:00001dc0       ?GetMatrix@DataClass@ANN@@CAXAEBV?$FunctionCallbackInfo@VValue@v8@@@v8@@@Z 0000000180002dc0 f   data-class.obj
 0001:00001e20       ?ShowAll@DataClass@ANN@@CAXAEBV?$FunctionCallbackInfo@VValue@v8@@@v8@@@Z 0000000180002e20 f   data-class.obj
 0001:000023b0       ?ShowPart@DataClass@ANN@@CAXAEBV?$FunctionCallbackInfo@VValue@v8@@@v8@@@Z 00000001800033b0 f   data-class.obj
 0001:00002d60       ?Normalise@DataClass@ANN@@CAXAEBV?$FunctionCallbackInfo@VValue@v8@@@v8@@@Z 0000000180003d60 f   data-class.obj
 0001:000030d0       ?ExtractSplit@DataClass@ANN@@CAXAEBV?$FunctionCallbackInfo@VValue@v8@@@v8@@@Z 00000001800040d0 f   data-class.obj
 0001:00003660       ?SplitEvenly@DataClass@ANN@@CAXAEBV?$FunctionCallbackInfo@VValue@v8@@@v8@@@Z 0000000180004660 f   data-class.obj
 0001:00003b50       ?SplitByAmount@DataClass@ANN@@CAXAEBV?$FunctionCallbackInfo@VValue@v8@@@v8@@@Z 0000000180004b50 f   data-class.obj
 0001:00003f00       ?SplitByPercentage@DataClass@ANN@@CAXAEBV?$FunctionCallbackInfo@VValue@v8@@@v8@@@Z 0000000180004f00 f   data-class.obj
 0001:00004300       ?GetExemplar@DataClass@ANN@@CAXAEBV?$FunctionCallbackInfo@VValue@v8@@@v8@@@Z 0000000180005300 f   data-class.obj
 0001:00004760       ?MakeExemplar@DataClass@ANN@@CAXAEBV?$FunctionCallbackInfo@VValue@v8@@@v8@@@Z 0000000180005760 f   data-class.obj
 0001:00004c40       ?ReadFromFile@DataClass@ANN@@CAXAEBV?$FunctionCallbackInfo@VValue@v8@@@v8@@@Z 0000000180005c40 f   data-class.obj
 0001:00004e40       ?WriteToFile@DataClass@ANN@@CAXAEBV?$FunctionCallbackInfo@VValue@v8@@@v8@@@Z 0000000180005e40 f   data-class.obj
 0001:000052a0       ?_ReadFromFile@DataClass@ANN@@AEAAXAEBV?$basic_string@DU?$char_traits@D@std@@V?$allocator@D@2@@std@@PEAVIsolate@v8@@@Z 00000001800062a0 f   data-class.obj
 0001:00005e70       ?GenerateSequence@DataClass@ANN@@CA?AV?$vector@HV?$allocator@H@std@@@std@@H@Z 0000000180006e70 f   data-class.obj
 0001:00005f70       ?SplitIntoSets@DataClass@ANN@@CAXPEAV12@AEAV?$vector@PEAVDataClass@ANN@@V?$allocator@PEAVDataClass@ANN@@@std@@@std@@AEAV?$vector@HV?$allocator@H@std@@@4@@Z 0000000180006f70 f   data-class.obj
 0001:00006050       ??0?$_String_alloc@U?$_String_base_types@DV?$allocator@D@std@@@std@@@std@@QEAA@AEBV01@@Z 0000000180007050 f i data-class.obj
 0001:00006070       ??0?$vector@HV?$allocator@H@std@@@std@@QEAA@_K@Z 0000000180007070 f i data-class.obj
 0001:000060f0       ??1?$vector@V?$vector@NV?$allocator@N@std@@@std@@V?$allocator@V?$vector@NV?$allocator@N@std@@@std@@@2@@std@@QEAA@XZ 00000001800070f0 f i data-class.obj
 0001:00006150       ??4?$vector@V?$vector@NV?$allocator@N@std@@@std@@V?$allocator@V?$vector@NV?$allocator@N@std@@@std@@@2@@std@@QEAAAEAV01@$$QEAV01@@Z 0000000180007150 f i data-class.obj
 0001:000061f0       ??4?$vector@NV?$allocator@N@std@@@std@@QEAAAEAV01@AEBV01@@Z 00000001800071f0 f i data-class.obj
 0001:00006320       ??4?$vector@NV?$allocator@N@std@@@std@@QEAAAEAV01@$$QEAV01@@Z 0000000180007320 f i data-class.obj
 0001:00006390       ??0?$vector@NV?$allocator@N@std@@@std@@QEAA@_K@Z 0000000180007390 f i data-class.obj
 0001:00006410       ??1?$vector@V?$basic_string@DU?$char_traits@D@std@@V?$allocator@D@2@@std@@V?$allocator@V?$basic_string@DU?$char_traits@D@std@@V?$allocator@D@2@@std@@@2@@std@@QEAA@XZ 0000000180007410 f i data-class.obj
 0001:00006450       ??1?$basic_string@DU?$char_traits@D@std@@V?$allocator@D@2@@std@@QEAA@XZ 0000000180007450 f i data-class.obj
 0001:000064e0       ??4?$basic_string@DU?$char_traits@D@std@@V?$allocator@D@2@@std@@QEAAAEAV01@$$QEAV01@@Z 00000001800074e0 f i data-class.obj
 0001:000064e0       ?assign@?$basic_string@DU?$char_traits@D@std@@V?$allocator@D@2@@std@@QEAAAEAV12@$$QEAV12@@Z 00000001800074e0 f i neural-network.obj
 0001:00006590       ??0?$basic_string@DU?$char_traits@D@std@@V?$allocator@D@2@@std@@QEAA@AEBV01@@Z 0000000180007590 f i data-class.obj
 0001:000065d0       ??1?$basic_ofstream@DU?$char_traits@D@std@@@std@@UEAA@XZ 00000001800075d0 f i data-class.obj
 0001:00006650       ??0?$basic_ofstream@DU?$char_traits@D@std@@@std@@QEAA@AEBV?$basic_string@DU?$char_traits@D@std@@V?$allocator@D@2@@1@HH@Z 0000000180007650 f i data-class.obj
 0001:000067d0       ?close@?$basic_ifstream@DU?$char_traits@D@std@@@std@@QEAAXXZ 00000001800077d0 f i data-class.obj
 0001:00006820       ??1?$basic_ifstream@DU?$char_traits@D@std@@@std@@UEAA@XZ 0000000180007820 f i data-class.obj
 0001:000068a0       ??0?$basic_ifstream@DU?$char_traits@D@std@@@std@@QEAA@AEBV?$basic_string@DU?$char_traits@D@std@@V?$allocator@D@2@@1@HH@Z 00000001800078a0 f i data-class.obj
 0001:00006a20       ?imbue@?$basic_filebuf@DU?$char_traits@D@std@@@std@@MEAAXAEBVlocale@2@@Z 0000000180007a20 f i data-class.obj
 0001:00006a50       ?sync@?$basic_filebuf@DU?$char_traits@D@std@@@std@@MEAAHXZ 0000000180007a50 f i data-class.obj
 0001:00006aa0       ?setbuf@?$basic_filebuf@DU?$char_traits@D@std@@@std@@MEAAPEAV?$basic_streambuf@DU?$char_traits@D@std@@@2@PEAD_J@Z 0000000180007aa0 f i data-class.obj
 0001:00006b00       ?seekpos@?$basic_filebuf@DU?$char_traits@D@std@@@std@@MEAA?AV?$fpos@U_Mbstatet@@@2@V32@H@Z 0000000180007b00 f i data-class.obj
 0001:00006be0       ?seekoff@?$basic_filebuf@DU?$char_traits@D@std@@@std@@MEAA?AV?$fpos@U_Mbstatet@@@2@_JHH@Z 0000000180007be0 f i data-class.obj
 0001:00006cd0       ?uflow@?$basic_filebuf@DU?$char_traits@D@std@@@std@@MEAAHXZ 0000000180007cd0 f i data-class.obj
 0001:000070c0       ?underflow@?$basic_filebuf@DU?$char_traits@D@std@@@std@@MEAAHXZ 00000001800080c0 f i data-class.obj
 0001:00007130       ?pbackfail@?$basic_filebuf@DU?$char_traits@D@std@@@std@@MEAAHH@Z 0000000180008130 f i data-class.obj
 0001:00007210       ?overflow@?$basic_filebuf@DU?$char_traits@D@std@@@std@@MEAAHH@Z 0000000180008210 f i data-class.obj
 0001:000074f0       ?_Unlock@?$basic_filebuf@DU?$char_traits@D@std@@@std@@UEAAXXZ 00000001800084f0 f i data-class.obj
 0001:00007510       ?_Lock@?$basic_filebuf@DU?$char_traits@D@std@@@std@@UEAAXXZ 0000000180008510 f i data-class.obj
 0001:00007530       ??1?$basic_filebuf@DU?$char_traits@D@std@@@std@@UEAA@XZ 0000000180008530 f i data-class.obj
 0001:000075e0       ?write@?$basic_ostream@DU?$char_traits@D@std@@@std@@QEAAAEAV12@PEBD_J@Z 00000001800085e0 f i data-class.obj
 0001:00007710       ?seekg@?$basic_istream@DU?$char_traits@D@std@@@std@@QEAAAEAV12@_JH@Z 0000000180008710 f i data-class.obj
 0001:00007820       ?showmanyc@?$basic_streambuf@DU?$char_traits@D@std@@@std@@MEAA_JXZ 0000000180008820 f i data-class.obj
 0001:00007820       ?sync@?$basic_streambuf@DU?$char_traits@D@std@@@std@@MEAAHXZ 0000000180008820 f i data-class.obj
 0001:00007830       ?setbuf@?$basic_streambuf@DU?$char_traits@D@std@@@std@@MEAAPEAV12@PEAD_J@Z 0000000180008830 f i data-class.obj
 0001:00007840       ?seekoff@?$basic_streambuf@DU?$char_traits@D@std@@@std@@MEAA?AV?$fpos@U_Mbstatet@@@2@_JHH@Z 0000000180008840 f i data-class.obj
 0001:00007840       ?seekpos@?$basic_streambuf@DU?$char_traits@D@std@@@std@@MEAA?AV?$fpos@U_Mbstatet@@@2@V32@H@Z 0000000180008840 f i data-class.obj
 0001:00007860       ?xsputn@?$basic_streambuf@DU?$char_traits@D@std@@@std@@MEAA_JPEBD_J@Z 0000000180008860 f i data-class.obj
 0001:00007920       ?xsgetn@?$basic_streambuf@DU?$char_traits@D@std@@@std@@MEAA_JPEAD_J@Z 0000000180008920 f i data-class.obj
 0001:000079e0       ?uflow@?$basic_streambuf@DU?$char_traits@D@std@@@std@@MEAAHXZ 00000001800089e0 f i data-class.obj
 0001:00007a20       ?underflow@?$basic_streambuf@DU?$char_traits@D@std@@@std@@MEAAHXZ 0000000180008a20 f i data-class.obj
 0001:00007a20       ?overflow@?$basic_streambuf@DU?$char_traits@D@std@@@std@@MEAAHH@Z 0000000180008a20 f i data-class.obj
 0001:00007a20       ?pbackfail@?$basic_streambuf@DU?$char_traits@D@std@@@std@@MEAAHH@Z 0000000180008a20 f i data-class.obj
 0001:00007a30       ??_E?$basic_ofstream@DU?$char_traits@D@std@@@std@@UEAAPEAXI@Z 0000000180008a30 f i * CIL library *:* CIL module *
 0001:00007a30       ??_G?$basic_ofstream@DU?$char_traits@D@std@@@std@@UEAAPEAXI@Z 0000000180008a30 f i data-class.obj
 0001:00007a80       ??_E?$basic_ifstream@DU?$char_traits@D@std@@@std@@UEAAPEAXI@Z 0000000180008a80 f i * CIL library *:* CIL module *
 0001:00007a80       ??_G?$basic_ifstream@DU?$char_traits@D@std@@@std@@UEAAPEAXI@Z 0000000180008a80 f i data-class.obj
 0001:00007ad0       ??_E?$basic_filebuf@DU?$char_traits@D@std@@@std@@UEAAPEAXI@Z 0000000180008ad0 f i * CIL library *:* CIL module *
 0001:00007ad0       ??_G?$basic_filebuf@DU?$char_traits@D@std@@@std@@UEAAPEAXI@Z 0000000180008ad0 f i data-class.obj
 0001:00007b10       ??_G?$basic_ostream@DU?$char_traits@D@std@@@std@@UEAAPEAXI@Z 0000000180008b10 f i data-class.obj
 0001:00007b10       ??_E?$basic_ostream@DU?$char_traits@D@std@@@std@@UEAAPEAXI@Z 0000000180008b10 f i * CIL library *:* CIL module *
 0001:00007b80       ??_E?$basic_istream@DU?$char_traits@D@std@@@std@@UEAAPEAXI@Z 0000000180008b80 f i * CIL library *:* CIL module *
 0001:00007b80       ??_G?$basic_istream@DU?$char_traits@D@std@@@std@@UEAAPEAXI@Z 0000000180008b80 f i data-class.obj
 0001:00007bf0       ??_G?$basic_streambuf@DU?$char_traits@D@std@@@std@@UEAAPEAXI@Z 0000000180008bf0 f i data-class.obj
 0001:00007bf0       ??_E?$basic_streambuf@DU?$char_traits@D@std@@@std@@UEAAPEAXI@Z 0000000180008bf0 f i * CIL library *:* CIL module *
 0001:00007c70       ??_Glocale@std@@QEAAPEAXI@Z 0000000180008c70 f i data-class.obj
 0001:00007cd0       ??_E?$basic_ios@DU?$char_traits@D@std@@@std@@UEAAPEAXI@Z 0000000180008cd0 f i * CIL library *:* CIL module *
 0001:00007cd0       ??_G?$basic_ios@DU?$char_traits@D@std@@@std@@UEAAPEAXI@Z 0000000180008cd0 f i data-class.obj
 0001:00007d10       ?do_length@?$codecvt@DDU_Mbstatet@@@std@@MEBAHAEAU_Mbstatet@@PEBD1_K@Z 0000000180008d10 f i data-class.obj
 0001:00007d30       ?do_unshift@?$codecvt@DDU_Mbstatet@@@std@@MEBAHAEAU_Mbstatet@@PEAD1AEAPEAD@Z 0000000180008d30 f i data-class.obj
 0001:00007d40       ?do_in@?$codecvt@DDU_Mbstatet@@@std@@MEBAHAEAU_Mbstatet@@PEBD1AEAPEBDPEAD3AEAPEAD@Z 0000000180008d40 f i data-class.obj
 0001:00007d40       ?do_out@?$codecvt@DDU_Mbstatet@@@std@@MEBAHAEAU_Mbstatet@@PEBD1AEAPEBDPEAD3AEAPEAD@Z 0000000180008d40 f i data-class.obj
 0001:00007d60       ?do_always_noconv@?$codecvt@DDU_Mbstatet@@@std@@MEBA_NXZ 0000000180008d60 f i data-class.obj
 0001:00007d60       __acrt_uninitialize_command_line 0000000180008d60 f i libucrt:argv_data.obj
 0001:00007d70       ??0sentry@?$basic_ostream@DU?$char_traits@D@std@@@std@@QEAA@AEAV12@@Z 0000000180008d70 f i data-class.obj
 0001:00007de0       ?deallocate@?$_Wrap_alloc@V?$allocator@V?$vector@NV?$allocator@N@std@@@std@@@std@@@std@@QEAAXPEAV?$vector@NV?$allocator@N@std@@@2@_K@Z 0000000180008de0 f i data-class.obj
 0001:00007de0       ?deallocate@?$_Wrap_alloc@V?$allocator@V?$vector@HV?$allocator@H@std@@@std@@@std@@@std@@QEAAXPEAV?$vector@HV?$allocator@H@std@@@2@_K@Z 0000000180008de0 f i neural-network.obj
 0001:00007de0       ?deallocate@?$_Wrap_alloc@V?$allocator@V?$sub_match@V?$_String_const_iterator@V?$_String_val@U?$_Simple_types@D@std@@@std@@@std@@@std@@@std@@@std@@QEAAXPEAV?$sub_match@V?$_String_const_iterator@V?$_String_val@U?$_Simple_types@D@std@@@std@@@std@@@2@_K@Z 0000000180008de0 f i tools.obj
 0001:00007e50       ?deallocate@?$_Wrap_alloc@V?$allocator@N@std@@@std@@QEAAXPEAN_K@Z 0000000180008e50 f i data-class.obj
 0001:00007ec0       ?_Buy@?$vector@NV?$allocator@N@std@@@std@@IEAA_N_K@Z 0000000180008ec0 f i data-class.obj
 0001:00007f20       ?_Tidy@?$vector@DV?$allocator@D@std@@@std@@IEAAXXZ 0000000180008f20 f i data-class.obj
 0001:00007f90       ?_Tidy@?$basic_string@DU?$char_traits@D@std@@V?$allocator@D@2@@std@@QEAAX_N_K@Z 0000000180008f90 f i data-class.obj
 0001:00008040       ?erase@?$basic_string@DU?$char_traits@D@std@@V?$allocator@D@2@@std@@QEAAAEAV12@_K0@Z 0000000180009040 f i data-class.obj
 0001:00008110       ?assign@?$basic_string@DU?$char_traits@D@std@@V?$allocator@D@2@@std@@QEAAAEAV12@_KD@Z 0000000180009110 f i data-class.obj
 0001:00008210       ?assign@?$basic_string@DU?$char_traits@D@std@@V?$allocator@D@2@@std@@QEAAAEAV12@PEBD_K@Z 0000000180009210 f i data-class.obj
 0001:00008340       ?assign@?$basic_string@DU?$char_traits@D@std@@V?$allocator@D@2@@std@@QEAAAEAV12@AEBV12@_K1@Z 0000000180009340 f i data-class.obj
 0001:00008470       ?append@?$basic_string@DU?$char_traits@D@std@@V?$allocator@D@2@@std@@QEAAAEAV12@_KD@Z 0000000180009470 f i data-class.obj
 0001:00008580       ?append@?$basic_string@DU?$char_traits@D@std@@V?$allocator@D@2@@std@@QEAAAEAV12@PEBD_K@Z 0000000180009580 f i data-class.obj
 0001:000086d0       ?append@?$basic_string@DU?$char_traits@D@std@@V?$allocator@D@2@@std@@QEAAAEAV12@AEBV12@_K1@Z 00000001800096d0 f i data-class.obj
 0001:00008800       ?_Assign_rv@?$basic_string@DU?$char_traits@D@std@@V?$allocator@D@2@@std@@QEAAX$$QEAV12@@Z 0000000180009800 f i data-class.obj
 0001:00008880       ?_Reset_back@?$basic_filebuf@DU?$char_traits@D@std@@@std@@AEAAXXZ 0000000180009880 f i data-class.obj
 0001:000088b0       ?_Initcvt@?$basic_filebuf@DU?$char_traits@D@std@@@std@@IEAAXPEBV?$codecvt@DDU_Mbstatet@@@2@@Z 00000001800098b0 f i data-class.obj
 0001:00008950       ?_Endwrite@?$basic_filebuf@DU?$char_traits@D@std@@@std@@IEAA_NXZ 0000000180009950 f i data-class.obj
 0001:00008c00       ?_Init@?$basic_filebuf@DU?$char_traits@D@std@@@std@@IEAAXPEAU_iobuf@@W4_Initfl@12@@Z 0000000180009c00 f i data-class.obj
 0001:00008cf0       ?close@?$basic_filebuf@DU?$char_traits@D@std@@@std@@QEAAPEAV12@XZ 0000000180009cf0 f i data-class.obj
 0001:00008dc0       ?open@?$basic_filebuf@DU?$char_traits@D@std@@@std@@QEAAPEAV12@PEBDHH@Z 0000000180009dc0 f i data-class.obj
 0001:00008e70       ?_Pnavail@?$basic_streambuf@DU?$char_traits@D@std@@@std@@IEBA_JXZ 0000000180009e70 f i data-class.obj
 0001:00008e90       ?_Gnavail@?$basic_streambuf@DU?$char_traits@D@std@@@std@@IEBA_JXZ 0000000180009e90 f i data-class.obj
 0001:00008eb0       ??_G?$num_put@DV?$ostreambuf_iterator@DU?$char_traits@D@std@@@std@@@std@@MEAAPEAXI@Z 0000000180009eb0 f i neural-network.obj
 0001:00008eb0       ??_E?$num_put@DV?$ostreambuf_iterator@DU?$char_traits@D@std@@@std@@@std@@MEAAPEAXI@Z 0000000180009eb0 f i * CIL library *:* CIL module *
 0001:00008eb0       ??_G?$codecvt@DDU_Mbstatet@@@std@@MEAAPEAXI@Z 0000000180009eb0 f i data-class.obj
 0001:00008eb0       ??_E?$codecvt@DDU_Mbstatet@@@std@@MEAAPEAXI@Z 0000000180009eb0 f i * CIL library *:* CIL module *
 0001:00008ee0       ?deallocate@?$_Wrap_alloc@V?$allocator@V?$basic_string@DU?$char_traits@D@std@@V?$allocator@D@2@@std@@@std@@@std@@QEAAXPEAV?$basic_string@DU?$char_traits@D@std@@V?$allocator@D@2@@2@_K@Z 0000000180009ee0 f i data-class.obj
 0001:00008f50       ?deallocate@?$_Wrap_alloc@V?$allocator@I@std@@@std@@QEAAXPEAI_K@Z 0000000180009f50 f i tools.obj
 0001:00008f50       ?deallocate@?$_Wrap_alloc@V?$allocator@H@std@@@std@@QEAAXPEAH_K@Z 0000000180009f50 f i data-class.obj
 0001:00008fc0       ?allocate@?$_Wrap_alloc@V?$allocator@I@std@@@std@@QEAAPEAI_K@Z 0000000180009fc0 f i tools.obj
 0001:00008fc0       ?allocate@?$_Wrap_alloc@V?$allocator@H@std@@@std@@QEAAPEAH_K@Z 0000000180009fc0 f i data-class.obj
 0001:00009030       ?allocate@?$_Wrap_alloc@V?$allocator@N@std@@@std@@QEAAPEAN_K@Z 000000018000a030 f i data-class.obj
 0001:000090a0       ?deallocate@?$_Wrap_alloc@V?$allocator@D@std@@@std@@QEAAXPEAD_K@Z 000000018000a0a0 f i data-class.obj
 0001:000090a0       ?deallocate@?$allocator@D@std@@QEAAXPEAD_K@Z 000000018000a0a0 f i data-class.obj
 0001:00009100       ?flush@?$basic_ostream@DU?$char_traits@D@std@@@std@@QEAAAEAV12@XZ 000000018000a100 f i data-class.obj
 0001:000091f0       ??0?$basic_streambuf@DU?$char_traits@D@std@@@std@@IEAA@XZ 000000018000a1f0 f i data-class.obj
 0001:00009290       ?init@?$basic_ios@DU?$char_traits@D@std@@@std@@IEAAXPEAV?$basic_streambuf@DU?$char_traits@D@std@@@2@_N@Z 000000018000a290 f i data-class.obj
 0001:00009340       ?_Copy@?$basic_string@DU?$char_traits@D@std@@V?$allocator@D@2@@std@@QEAAX_K0@Z 000000018000a340 f i data-class.obj
 0001:000094c0       ?snextc@?$basic_streambuf@DU?$char_traits@D@std@@@std@@QEAAHXZ 000000018000a4c0 f i data-class.obj
 0001:00009560       ?widen@?$basic_ios@DU?$char_traits@D@std@@@std@@QEBADD@Z 000000018000a560 f i data-class.obj
 0001:00009600       ?allocate@?$allocator@D@std@@QEAAPEAD_K@Z 000000018000a600 f i data-class.obj
 0001:00009660       ??$use_facet@V?$ctype@D@std@@@std@@YAAEBV?$ctype@D@0@AEBVlocale@0@@Z 000000018000a660 f i data-class.obj
 0001:00009790       ??$_Immortalize@V_Iostream_error_category@std@@@std@@YAAEAV_Iostream_error_category@0@XZ 000000018000a790 f i data-class.obj
 0001:00009810       ??$_Integral_to_string@DH@std@@YA?AV?$basic_string@DU?$char_traits@D@std@@V?$allocator@D@2@@0@H@Z 000000018000a810 f i data-class.obj
 0001:000098f0       ??0?$Matrix@N@@QEAA@HH@Z   000000018000a8f0 f i data-class.obj
 0001:000099c0       ?resize_cols@?$Matrix@N@@QEAAXH@Z 000000018000a9c0 f i data-class.obj
 0001:00009a10       ?toString@?$Matrix@N@@QEAA?AV?$basic_string@DU?$char_traits@D@std@@V?$allocator@D@2@@std@@H_NH@Z 000000018000aa10 f i data-class.obj
 0001:0000a000       ?toJSArray@?$Matrix@N@@QEAA?AV?$Local@VArray@v8@@@v8@@PEAVIsolate@3@@Z 000000018000b000 f i data-class.obj
 0001:0000a0d0       ??$Unwrap@VDataClass@ANN@@@ObjectWrap@node@@SAPEAVDataClass@ANN@@V?$Local@VObject@v8@@@v8@@@Z 000000018000b0d0 f i data-class.obj
 0001:0000a0d0       ??$Unwrap@VNeuralNetwork@ANN@@@ObjectWrap@node@@SAPEAVNeuralNetwork@ANN@@V?$Local@VObject@v8@@@v8@@@Z 000000018000b0d0 f i neural-network.obj
 0001:0000a150       ??$use_facet@V?$codecvt@DDU_Mbstatet@@@std@@@std@@YAAEBV?$codecvt@DDU_Mbstatet@@@0@AEBVlocale@0@@Z 000000018000b150 f i data-class.obj
 0001:0000a280       ?_Getcat@?$codecvt@DDU_Mbstatet@@@std@@SA_KPEAPEBVfacet@locale@2@PEBV42@@Z 000000018000b280 f i data-class.obj
 0001:0000a330       ?resize@?$vector@V?$vector@NV?$allocator@N@std@@@std@@V?$allocator@V?$vector@NV?$allocator@N@std@@@std@@@2@@std@@QEAAX_K@Z 000000018000b330 f i data-class.obj
 0001:0000a430       ?resize@?$vector@NV?$allocator@N@std@@@std@@QEAAX_K@Z 000000018000b430 f i data-class.obj
 0001:0000a520       ?reserve@?$basic_string@DU?$char_traits@D@std@@V?$allocator@D@2@@std@@QEAAX_K@Z 000000018000b520 f i data-class.obj
 0001:0000a5d0       ?_Reserve@?$vector@V?$vector@NV?$allocator@N@std@@@std@@V?$allocator@V?$vector@NV?$allocator@N@std@@@std@@@2@@std@@IEAAX_K@Z 000000018000b5d0 f i data-class.obj
 0001:0000a6a0       ?insert@?$basic_string@DU?$char_traits@D@std@@V?$allocator@D@2@@std@@QEAAAEAV12@_K0D@Z 000000018000b6a0 f i data-class.obj
 0001:0000a810       ?insert@?$basic_string@DU?$char_traits@D@std@@V?$allocator@D@2@@std@@QEAAAEAV12@_KPEBD0@Z 000000018000b810 f i data-class.obj
 0001:0000a990       ?_Reallocate@?$vector@V?$vector@NV?$allocator@N@std@@@std@@V?$allocator@V?$vector@NV?$allocator@N@std@@@std@@@2@@std@@IEAAX_K@Z 000000018000b990 f i data-class.obj
 0001:0000ab00       ?_Reallocate@?$vector@NV?$allocator@N@std@@@std@@IEAAX_K@Z 000000018000bb00 f i data-class.obj
 0001:0000abe0       ?insert@?$basic_string@DU?$char_traits@D@std@@V?$allocator@D@2@@std@@QEAAAEAV12@_KAEBV12@00@Z 000000018000bbe0 f i data-class.obj
 0001:0000ad80       ??$getline@DU?$char_traits@D@std@@V?$allocator@D@2@@std@@YAAEAV?$basic_istream@DU?$char_traits@D@std@@@0@$$QEAV10@AEAV?$basic_string@DU?$char_traits@D@std@@V?$allocator@D@2@@0@D@Z 000000018000bd80 f i data-class.obj
 0001:0000af30       ??$_Destroy_range1@V?$allocator@V?$vector@NV?$allocator@N@std@@@std@@@std@@PEAV?$vector@NV?$allocator@N@std@@@2@@std@@YAXPEAV?$vector@NV?$allocator@N@std@@@0@0AEAU?$_Wrap_alloc@V?$allocator@V?$vector@NV?$allocator@N@std@@@std@@@std@@@0@U?$integral_constant@_N$0A@@0@@Z 000000018000bf30 f i data-class.obj
 0001:0000b000       ??$_Destroy_range1@V?$allocator@V?$basic_string@DU?$char_traits@D@std@@V?$allocator@D@2@@std@@@std@@PEAV?$basic_string@DU?$char_traits@D@std@@V?$allocator@D@2@@2@@std@@YAXPEAV?$basic_string@DU?$char_traits@D@std@@V?$allocator@D@2@@0@0AEAU?$_Wrap_alloc@V?$allocator@V?$basic_string@DU?$char_traits@D@std@@V?$allocator@D@2@@std@@@std@@@0@U?$integral_constant@_N$0A@@0@@Z 000000018000c000 f i data-class.obj
 0001:0000b0c0       ?_Buy@?$vector@DV?$allocator@D@std@@@std@@IEAA_N_K@Z 000000018000c0c0 f i data-class.obj
 0001:0000b140       ??Y?$basic_string@DU?$char_traits@D@std@@V?$allocator@D@2@@std@@QEAAAEAV01@D@Z 000000018000c140 f i data-class.obj
 0001:0000b224       ??_E?$basic_ostream@DU?$char_traits@D@std@@@std@@$4PPPPPPPM@A@EAAPEAXI@Z 000000018000c224 f i data-class.obj
 0001:0000b230       ??_E?$basic_ifstream@DU?$char_traits@D@std@@@std@@$4PPPPPPPM@A@EAAPEAXI@Z 000000018000c230 f i data-class.obj
 0001:0000b23c       ??_E?$basic_istream@DU?$char_traits@D@std@@@std@@$4PPPPPPPM@A@EAAPEAXI@Z 000000018000c23c f i data-class.obj
 0001:0000b248       ??_E?$basic_ofstream@DU?$char_traits@D@std@@@std@@$4PPPPPPPM@A@EAAPEAXI@Z 000000018000c248 f i data-class.obj
 0001:0000b260       __local_stdio_printf_options 000000018000c260 f i neural-network.obj
 0001:0000b270       sprintf_s                  000000018000c270 f i neural-network.obj
 0001:0000b2d0       _scprintf                  000000018000c2d0 f i neural-network.obj
 0001:0000b330       ?Init@NeuralNetwork@ANN@@SAXV?$Local@VObject@v8@@@v8@@@Z 000000018000c330 f   neural-network.obj
 0001:0000b510       ?New@NeuralNetwork@ANN@@CAXAEBV?$FunctionCallbackInfo@VValue@v8@@@v8@@@Z 000000018000c510 f   neural-network.obj
 0001:0000ba20       ??0NeuralNetwork@ANN@@AEAA@HHH@Z 000000018000ca20 f   neural-network.obj
 0001:0000c2c0       ?ToString@NeuralNetwork@ANN@@CAXAEBV?$FunctionCallbackInfo@VValue@v8@@@v8@@@Z 000000018000d2c0 f   neural-network.obj
 0001:0000d4d0       ?InitialiseWeights@NeuralNetwork@ANN@@AEAAXXZ 000000018000e4d0 f   neural-network.obj
 0001:0000d690       ?Train@NeuralNetwork@ANN@@CAXAEBV?$FunctionCallbackInfo@VValue@v8@@@v8@@@Z 000000018000e690 f   neural-network.obj
 0001:0000e5b0       ?ConfusionToString@NeuralNetwork@ANN@@CAXAEBV?$FunctionCallbackInfo@VValue@v8@@@v8@@@Z 000000018000f5b0 f   neural-network.obj
 0001:0000ec90       ?Accuracy@NeuralNetwork@ANN@@CAXAEBV?$FunctionCallbackInfo@VValue@v8@@@v8@@@Z 000000018000fc90 f   neural-network.obj
 0001:0000ed20       ?AccuracyHelper@NeuralNetwork@ANN@@AEAANAEAV?$Matrix@N@@@Z 000000018000fd20 f   neural-network.obj
 0001:0000f530       ?MomentumAndDecay@NeuralNetwork@ANN@@CAXAEBV?$FunctionCallbackInfo@VValue@v8@@@v8@@@Z 0000000180010530 f   neural-network.obj
 0001:0000f960       ?TrainingAccuracy@NeuralNetwork@ANN@@CAXAEBV?$FunctionCallbackInfo@VValue@v8@@@v8@@@Z 0000000180010960 f   neural-network.obj
 0001:0000fa50       ?TestingAccuracy@NeuralNetwork@ANN@@CAXAEBV?$FunctionCallbackInfo@VValue@v8@@@v8@@@Z 0000000180010a50 f   neural-network.obj
 0001:0000fb40       ?Save@NeuralNetwork@ANN@@CAXAEBV?$FunctionCallbackInfo@VValue@v8@@@v8@@@Z 0000000180010b40 f   neural-network.obj
 0001:00010320       ?VectorToString@NeuralNetwork@ANN@@CA?AV?$basic_string@DU?$char_traits@D@std@@V?$allocator@D@2@@std@@AEBV?$vector@NV?$allocator@N@std@@@4@H_NH@Z 0000000180011320 f   neural-network.obj
 0001:000106e0       ?SetWeights@NeuralNetwork@ANN@@AEAAXAEAV?$vector@NV?$allocator@N@std@@@std@@@Z 00000001800116e0 f   neural-network.obj
 0001:00010890       ?UpdateWeights@NeuralNetwork@ANN@@AEAAXAEAV?$vector@NV?$allocator@N@std@@@std@@N@Z 0000000180011890 f   neural-network.obj
 0001:00010e50       ?ComputeOutputs@NeuralNetwork@ANN@@AEAA?AV?$vector@NV?$allocator@N@std@@@std@@AEAV34@@Z 0000000180011e50 f   neural-network.obj
 0001:00011630       ?MeanSquaredError@NeuralNetwork@ANN@@AEAANAEAV?$Matrix@N@@@Z 0000000180012630 f   neural-network.obj
 0001:00011c50       ?Softmax@NeuralNetwork@ANN@@CA?AV?$vector@NV?$allocator@N@std@@@std@@AEAV34@@Z 0000000180012c50 f   neural-network.obj
 0001:00011e00       ?Shuffle@NeuralNetwork@ANN@@CAXAEAV?$vector@HV?$allocator@H@std@@@std@@@Z 0000000180012e00 f   neural-network.obj
 0001:00011ee0       ??_ENeuralNetwork@ANN@@UEAAPEAXI@Z 0000000180012ee0 f i * CIL library *:* CIL module *
 0001:00011ee0       ??_GNeuralNetwork@ANN@@UEAAPEAXI@Z 0000000180012ee0 f i neural-network.obj
 0001:00011f20       ??1NeuralNetwork@ANN@@UEAA@XZ 0000000180012f20 f i neural-network.obj
 0001:00012330       ??4?$vector@V?$vector@HV?$allocator@H@std@@@std@@V?$allocator@V?$vector@HV?$allocator@H@std@@@std@@@2@@std@@QEAAAEAV01@$$QEAV01@@Z 0000000180013330 f i neural-network.obj
 0001:000123d0       ??0?$basic_ofstream@DU?$char_traits@D@std@@@std@@QEAA@XZ 00000001800133d0 f i neural-network.obj
 0001:00012500       ??6?$basic_ostream@DU?$char_traits@D@std@@@std@@QEAAAEAV01@H@Z 0000000180013500 f i neural-network.obj
 0001:000126a0       ?do_put@?$num_put@DV?$ostreambuf_iterator@DU?$char_traits@D@std@@@std@@@std@@MEBA?AV?$ostreambuf_iterator@DU?$char_traits@D@std@@@2@V32@AEAVios_base@2@DPEBX@Z 00000001800136a0 f i neural-network.obj
 0001:00012740       ?do_put@?$num_put@DV?$ostreambuf_iterator@DU?$char_traits@D@std@@@std@@@std@@MEBA?AV?$ostreambuf_iterator@DU?$char_traits@D@std@@@2@V32@AEAVios_base@2@DO@Z 0000000180013740 f i neural-network.obj
 0001:000129b0       ?do_put@?$num_put@DV?$ostreambuf_iterator@DU?$char_traits@D@std@@@std@@@std@@MEBA?AV?$ostreambuf_iterator@DU?$char_traits@D@std@@@2@V32@AEAVios_base@2@DN@Z 00000001800139b0 f i neural-network.obj
 0001:00012c20       ?do_put@?$num_put@DV?$ostreambuf_iterator@DU?$char_traits@D@std@@@std@@@std@@MEBA?AV?$ostreambuf_iterator@DU?$char_traits@D@std@@@2@V32@AEAVios_base@2@D_K@Z 0000000180013c20 f i neural-network.obj
 0001:00012d20       ?do_put@?$num_put@DV?$ostreambuf_iterator@DU?$char_traits@D@std@@@std@@@std@@MEBA?AV?$ostreambuf_iterator@DU?$char_traits@D@std@@@2@V32@AEAVios_base@2@D_J@Z 0000000180013d20 f i neural-network.obj
 0001:00012e20       ?do_put@?$num_put@DV?$ostreambuf_iterator@DU?$char_traits@D@std@@@std@@@std@@MEBA?AV?$ostreambuf_iterator@DU?$char_traits@D@std@@@2@V32@AEAVios_base@2@DK@Z 0000000180013e20 f i neural-network.obj
 0001:00012f20       ?do_put@?$num_put@DV?$ostreambuf_iterator@DU?$char_traits@D@std@@@std@@@std@@MEBA?AV?$ostreambuf_iterator@DU?$char_traits@D@std@@@2@V32@AEAVios_base@2@DJ@Z 0000000180013f20 f i neural-network.obj
 0001:00013020       ?do_put@?$num_put@DV?$ostreambuf_iterator@DU?$char_traits@D@std@@@std@@@std@@MEBA?AV?$ostreambuf_iterator@DU?$char_traits@D@std@@@2@V32@AEAVios_base@2@D_N@Z 0000000180014020 f i neural-network.obj
 0001:000134e0       ?do_truename@?$numpunct@D@std@@MEBA?AV?$basic_string@DU?$char_traits@D@std@@V?$allocator@D@2@@2@XZ 00000001800144e0 f i neural-network.obj
 0001:00013530       ?do_falsename@?$numpunct@D@std@@MEBA?AV?$basic_string@DU?$char_traits@D@std@@V?$allocator@D@2@@2@XZ 0000000180014530 f i neural-network.obj
 0001:00013580       ?do_grouping@?$numpunct@D@std@@MEBA?AV?$basic_string@DU?$char_traits@D@std@@V?$allocator@D@2@@2@XZ 0000000180014580 f i neural-network.obj
 0001:000135d0       ?do_thousands_sep@?$numpunct@D@std@@MEBADXZ 00000001800145d0 f i neural-network.obj
 0001:000135e0       ?do_decimal_point@?$numpunct@D@std@@MEBADXZ 00000001800145e0 f i neural-network.obj
 0001:000135f0       ?_Iput@?$num_put@DV?$ostreambuf_iterator@DU?$char_traits@D@std@@@std@@@std@@AEBA?AV?$ostreambuf_iterator@DU?$char_traits@D@std@@@2@V32@AEAVios_base@2@DPEAD_K@Z 00000001800145f0 f i neural-network.obj
 0001:00013cd0       ?_Fput@?$num_put@DV?$ostreambuf_iterator@DU?$char_traits@D@std@@@std@@@std@@AEBA?AV?$ostreambuf_iterator@DU?$char_traits@D@std@@@2@V32@AEAVios_base@2@DPEBD_K@Z 0000000180014cd0 f i neural-network.obj
 0001:00014530       ??_G?$numpunct@D@std@@MEAAPEAXI@Z 0000000180015530 f i neural-network.obj
 0001:00014530       ??_E?$numpunct@D@std@@MEAAPEAXI@Z 0000000180015530 f i * CIL library *:* CIL module *
 0001:00014590       ??$_Floating_to_string@N@std@@YA?AV?$basic_string@DU?$char_traits@D@std@@V?$allocator@D@2@@0@PEBDN@Z 0000000180015590 f i neural-network.obj
 0001:00014660       ??0?$Matrix@H@@QEAA@HH@Z   0000000180015660 f i neural-network.obj
 0001:00014730       ??$?6U?$char_traits@D@std@@@std@@YAAEAV?$basic_ostream@DU?$char_traits@D@std@@@0@AEAV10@PEBD@Z 0000000180015730 f i neural-network.obj
 0001:00014980       ??$?6DU?$char_traits@D@std@@V?$allocator@D@1@@std@@YAAEAV?$basic_ostream@DU?$char_traits@D@std@@@0@AEAV10@AEBV?$basic_string@DU?$char_traits@D@std@@V?$allocator@D@2@@0@@Z 0000000180015980 f i neural-network.obj
 0001:00014bc0       ??$use_facet@V?$num_put@DV?$ostreambuf_iterator@DU?$char_traits@D@std@@@std@@@std@@@std@@YAAEBV?$num_put@DV?$ostreambuf_iterator@DU?$char_traits@D@std@@@std@@@0@AEBVlocale@0@@Z 0000000180015bc0 f i neural-network.obj
 0001:00014cf0       ??$use_facet@V?$numpunct@D@std@@@std@@YAAEBV?$numpunct@D@0@AEBVlocale@0@@Z 0000000180015cf0 f i neural-network.obj
 0001:00014e20       ?_Getcat@?$numpunct@D@std@@SA_KPEAPEBVfacet@locale@2@PEBV42@@Z 0000000180015e20 f i neural-network.obj
 0001:00014ee0       ?_Getcat@?$num_put@DV?$ostreambuf_iterator@DU?$char_traits@D@std@@@std@@@std@@SA_KPEAPEBVfacet@locale@2@PEBV42@@Z 0000000180015ee0 f i neural-network.obj
 0001:00014f90       ?resize@?$vector@V?$vector@HV?$allocator@H@std@@@std@@V?$allocator@V?$vector@HV?$allocator@H@std@@@std@@@2@@std@@QEAAX_K@Z 0000000180015f90 f i neural-network.obj
 0001:00015090       ?resize@?$vector@HV?$allocator@H@std@@@std@@QEAAX_K@Z 0000000180016090 f i neural-network.obj
 0001:00015180       ?_Reserve@?$vector@V?$vector@HV?$allocator@H@std@@@std@@V?$allocator@V?$vector@HV?$allocator@H@std@@@std@@@2@@std@@IEAAX_K@Z 0000000180016180 f i neural-network.obj
 0001:00015250       ?_Init@?$numpunct@D@std@@IEAAXAEBV_Locinfo@2@_N@Z 0000000180016250 f i neural-network.obj
 0001:000153d0       ?_Reallocate@?$vector@V?$vector@HV?$allocator@H@std@@@std@@V?$allocator@V?$vector@HV?$allocator@H@std@@@std@@@2@@std@@IEAAX_K@Z 00000001800163d0 f i neural-network.obj
 0001:00015540       ?_Reallocate@?$vector@HV?$allocator@H@std@@@std@@IEAAX_K@Z 0000000180016540 f i neural-network.obj
 0001:00015540       ?_Reallocate@?$vector@IV?$allocator@_N@std@@@std@@IEAAX_K@Z 0000000180016540 f i tools.obj
 0001:00015620       ??$_Assign@V?$_Vector_iterator@V?$_Vector_val@U?$_Simple_types@N@std@@@std@@@std@@@?$vector@NV?$allocator@N@std@@@std@@QEAAXV?$_Vector_iterator@V?$_Vector_val@U?$_Simple_types@N@std@@@std@@@1@0Uforward_iterator_tag@1@@Z 0000000180016620 f i neural-network.obj
 0001:00015720       ??$_Destroy_range1@V?$allocator@V?$vector@HV?$allocator@H@std@@@std@@@std@@PEAV?$vector@HV?$allocator@H@std@@@2@@std@@YAXPEAV?$vector@HV?$allocator@H@std@@@0@0AEAU?$_Wrap_alloc@V?$allocator@V?$vector@HV?$allocator@H@std@@@std@@@std@@@0@U?$integral_constant@_N$0A@@0@@Z 0000000180016720 f i neural-network.obj
 0001:000157f0       ?init@ANN@@YAXV?$Local@VObject@v8@@@v8@@@Z 00000001800167f0 f   node.obj
 0001:00015820       ??0Random@@QEAA@XZ         0000000180016820 f   random.obj
 0001:00015a30       ??$generate_canonical@N$0?0V?$mersenne_twister_engine@I$0CA@$0CHA@$0BIN@$0BP@$0JJAILANP@$0L@$0PPPPPPPP@$06$0JNCMFGIA@$0P@$0OPMGAAAA@$0BC@$0GMAHIJGF@@std@@@std@@YANAEAV?$mersenne_twister_engine@I$0CA@$0CHA@$0BIN@$0BP@$0JJAILANP@$0L@$0PPPPPPPP@$06$0JNCMFGIA@$0P@$0OPMGAAAA@$0BC@$0GMAHIJGF@@0@@Z 0000000180016a30 f i random.obj
 0001:00015b80       ?_Refill_lower@?$mersenne_twister@I$0CA@$0CHA@$0BIN@$0BP@$0JJAILANP@$0L@$06$0JNCMFGIA@$0P@$0OPMGAAAA@$0BC@@std@@IEAAXXZ 0000000180016b80 f i random.obj
 0001:00015c60       ?name@locale@std@@QEBA?AV?$basic_string@DU?$char_traits@D@std@@V?$allocator@D@2@@2@XZ 0000000180016c60 f i tools.obj
 0001:00015e20       ?tolower@?$ctype@D@std@@QEBAPEBDPEADPEBD@Z 0000000180016e20 f i tools.obj
 0001:00015eb0       ??_E_Node_endif@std@@UEAAPEAXI@Z 0000000180016eb0 f i * CIL library *:* CIL module *
 0001:00015eb0       ??_G_Node_endif@std@@UEAAPEAXI@Z 0000000180016eb0 f i tools.obj
 0001:00015eb0       ??_E_Node_base@std@@UEAAPEAXI@Z 0000000180016eb0 f i * CIL library *:* CIL module *
 0001:00015eb0       ??_G_Node_base@std@@UEAAPEAXI@Z 0000000180016eb0 f i tools.obj
 0001:00015ee0       ?_Destroy_node@std@@YAXPEAV_Node_base@1@0@Z 0000000180016ee0 f i tools.obj
 0001:00015f40       ??_E_Root_node@std@@UEAAPEAXI@Z 0000000180016f40 f i * CIL library *:* CIL module *
 0001:00015f40       ??_G_Root_node@std@@UEAAPEAXI@Z 0000000180016f40 f i tools.obj
 0001:00015f70       ??_E_Node_end_group@std@@UEAAPEAXI@Z 0000000180016f70 f i * CIL library *:* CIL module *
 0001:00015f70       ??_G_Node_capture@std@@UEAAPEAXI@Z 0000000180016f70 f i tools.obj
 0001:00015f70       ??_E_Node_capture@std@@UEAAPEAXI@Z 0000000180016f70 f i * CIL library *:* CIL module *
 0001:00015f70       ??_G_Node_end_rep@std@@UEAAPEAXI@Z 0000000180016f70 f i tools.obj
 0001:00015f70       ??_G_Node_end_group@std@@UEAAPEAXI@Z 0000000180016f70 f i tools.obj
 0001:00015f70       ??_E_Node_back@std@@UEAAPEAXI@Z 0000000180016f70 f i * CIL library *:* CIL module *
 0001:00015f70       ??_E_Node_end_rep@std@@UEAAPEAXI@Z 0000000180016f70 f i * CIL library *:* CIL module *
 0001:00015f70       ??_G_Node_back@std@@UEAAPEAXI@Z 0000000180016f70 f i tools.obj
 0001:00015fa0       ??1_Node_assert@std@@UEAA@XZ 0000000180016fa0 f i tools.obj
 0001:00016020       ??_E_Node_assert@std@@UEAAPEAXI@Z 0000000180017020 f i * CIL library *:* CIL module *
 0001:00016020       ??_G_Node_assert@std@@UEAAPEAXI@Z 0000000180017020 f i tools.obj
 0001:00016060       ??1_Node_if@std@@UEAA@XZ   0000000180017060 f i tools.obj
 0001:00016110       ??_G_Node_if@std@@UEAAPEAXI@Z 0000000180017110 f i tools.obj
 0001:00016110       ??_E_Node_if@std@@UEAAPEAXI@Z 0000000180017110 f i * CIL library *:* CIL module *
 0001:00016150       ??_E_Node_rep@std@@UEAAPEAXI@Z 0000000180017150 f i * CIL library *:* CIL module *
 0001:00016150       ??_G_Node_rep@std@@UEAAPEAXI@Z 0000000180017150 f i tools.obj
 0001:00016180       ?_Calculate_loop_simplicity@std@@YAXPEAV_Node_base@1@0PEAV_Node_rep@1@@Z 0000000180017180 f i tools.obj
 0001:00016260       ?toString@tools@@YA?AV?$basic_string@DU?$char_traits@D@std@@V?$allocator@D@2@@std@@NH@Z 0000000180017260 f   tools.obj
 0001:000163e0       ?trim_ref@tools@@YAXAEAV?$basic_string@DU?$char_traits@D@std@@V?$allocator@D@2@@std@@@Z 00000001800173e0 f   tools.obj
 0001:000167c0       ?split@tools@@YA?AV?$vector@V?$basic_string@DU?$char_traits@D@std@@V?$allocator@D@2@@std@@V?$allocator@V?$basic_string@DU?$char_traits@D@std@@V?$allocator@D@2@@std@@@2@@std@@AEBV?$basic_string@DU?$char_traits@D@std@@V?$allocator@D@2@@3@AEBV?$vector@DV?$allocator@D@std@@@3@@Z 00000001800177c0 f   tools.obj
 0001:00016f40       ??1?$basic_stringstream@DU?$char_traits@D@std@@V?$allocator@D@2@@std@@UEAA@XZ 0000000180017f40 f i tools.obj
 0001:00017070       ?seekpos@?$basic_stringbuf@DU?$char_traits@D@std@@V?$allocator@D@2@@std@@MEAA?AV?$fpos@U_Mbstatet@@@2@V32@H@Z 0000000180018070 f i tools.obj
 0001:00017180       ?seekoff@?$basic_stringbuf@DU?$char_traits@D@std@@V?$allocator@D@2@@std@@MEAA?AV?$fpos@U_Mbstatet@@@2@_JHH@Z 0000000180018180 f i tools.obj
 0001:00017310       ?underflow@?$basic_stringbuf@DU?$char_traits@D@std@@V?$allocator@D@2@@std@@MEAAHXZ 0000000180018310 f i tools.obj
 0001:00017370       ?pbackfail@?$basic_stringbuf@DU?$char_traits@D@std@@V?$allocator@D@2@@std@@MEAAHH@Z 0000000180018370 f i tools.obj
 0001:000173c0       ?overflow@?$basic_stringbuf@DU?$char_traits@D@std@@V?$allocator@D@2@@std@@MEAAHH@Z 00000001800183c0 f i tools.obj
 0001:00017630       ??6?$basic_ostream@DU?$char_traits@D@std@@@std@@QEAAAEAV01@N@Z 0000000180018630 f i tools.obj
 0001:000177e0       ??_E?$basic_stringstream@DU?$char_traits@D@std@@V?$allocator@D@2@@std@@UEAAPEAXI@Z 00000001800187e0 f i * CIL library *:* CIL module *
 0001:000177e0       ??_G?$basic_stringstream@DU?$char_traits@D@std@@V?$allocator@D@2@@std@@UEAAPEAXI@Z 00000001800187e0 f i tools.obj
 0001:00017830       ??_E?$basic_stringbuf@DU?$char_traits@D@std@@V?$allocator@D@2@@std@@UEAAPEAXI@Z 0000000180018830 f i * CIL library *:* CIL module *
 0001:00017830       ??_G?$basic_stringbuf@DU?$char_traits@D@std@@V?$allocator@D@2@@std@@UEAAPEAXI@Z 0000000180018830 f i tools.obj
 0001:000178c0       ??_G?$basic_iostream@DU?$char_traits@D@std@@@std@@UEAAPEAXI@Z 00000001800188c0 f i tools.obj
 0001:000178c0       ??_E?$basic_iostream@DU?$char_traits@D@std@@@std@@UEAAPEAXI@Z 00000001800188c0 f i * CIL library *:* CIL module *
 0001:00017900       ??_D?$basic_iostream@DU?$char_traits@D@std@@@std@@QEAAXXZ 0000000180018900 f i tools.obj
 0001:00017990       ?_Tidy@?$basic_regex@DV?$regex_traits@D@std@@@std@@AEAAXXZ 0000000180018990 f i tools.obj
 0001:00017a00       ?_Reserve@?$vector@V?$basic_string@DU?$char_traits@D@std@@V?$allocator@D@2@@std@@V?$allocator@V?$basic_string@DU?$char_traits@D@std@@V?$allocator@D@2@@std@@@2@@std@@IEAAX_K@Z 0000000180018a00 f i tools.obj
 0001:00017a90       ?_Tidy@?$basic_stringbuf@DU?$char_traits@D@std@@V?$allocator@D@2@@std@@IEAAXXZ 0000000180018a90 f i tools.obj
 0001:00017b50       ?str@?$basic_stringbuf@DU?$char_traits@D@std@@V?$allocator@D@2@@std@@QEBA?AV?$basic_string@DU?$char_traits@D@std@@V?$allocator@D@2@@2@XZ 0000000180018b50 f i tools.obj
 0001:00017ce0       ?_Reallocate@?$vector@V?$basic_string@DU?$char_traits@D@std@@V?$allocator@D@2@@std@@V?$allocator@V?$basic_string@DU?$char_traits@D@std@@V?$allocator@D@2@@std@@@2@@std@@IEAAX_K@Z 0000000180018ce0 f i tools.obj
 0001:00017e10       ?do_hash@?$collate@D@std@@MEBAJPEBD0@Z 0000000180018e10 f i tools.obj
 0001:00017e50       ?do_transform@?$collate@D@std@@MEBA?AV?$basic_string@DU?$char_traits@D@std@@V?$allocator@D@2@@2@PEBD0@Z 0000000180018e50 f i tools.obj
 0001:00017f70       ?do_compare@?$collate@D@std@@MEBAHPEBD000@Z 0000000180018f70 f i tools.obj
 0001:00017fc0       ??_G?$collate@D@std@@MEAAPEAXI@Z 0000000180018fc0 f i tools.obj
 0001:00017fc0       ??_E?$collate@D@std@@MEAAPEAXI@Z 0000000180018fc0 f i * CIL library *:* CIL module *
 0001:00018010       ??$use_facet@V?$collate@D@std@@@std@@YAAEBV?$collate@D@0@AEBVlocale@0@@Z 0000000180019010 f i tools.obj
 0001:00018140       ?_Getcat@?$collate@D@std@@SA_KPEAPEBVfacet@locale@2@PEBV42@@Z 0000000180019140 f i tools.obj
 0001:00018230       ??$_Regex_match1@V?$_String_const_iterator@V?$_String_val@U?$_Simple_types@D@std@@@std@@@std@@V?$allocator@V?$sub_match@V?$_String_const_iterator@V?$_String_val@U?$_Simple_types@D@std@@@std@@@std@@@std@@@2@DV?$regex_traits@D@2@V12@@std@@YA_NV?$_String_const_iterator@V?$_String_val@U?$_Simple_types@D@std@@@std@@@0@0PEAV?$match_results@V?$_String_const_iterator@V?$_String_val@U?$_Simple_types@D@std@@@std@@@std@@V?$allocator@V?$sub_match@V?$_String_const_iterator@V?$_String_val@U?$_Simple_types@D@std@@@std@@@std@@@std@@@2@@0@AEBV?$basic_regex@DV?$regex_traits@D@std@@@0@W4match_flag_type@regex_constants@0@_N@Z 0000000180019230 f i tools.obj
 0001:00018320       ??$_Reset@V?$_String_const_iterator@V?$_String_val@U?$_Simple_types@D@std@@@std@@@std@@@?$basic_regex@DV?$regex_traits@D@std@@@std@@AEAAXV?$_String_const_iterator@V?$_String_val@U?$_Simple_types@D@std@@@std@@@1@0W4syntax_option_type@regex_constants@1@Uforward_iterator_tag@1@@Z 0000000180019320 f i tools.obj
 0001:00018430       ??0?$_Parser@PEBDDV?$regex_traits@D@std@@@std@@QEAA@AEBV?$regex_traits@D@1@PEBD1W4syntax_option_type@regex_constants@1@@Z 0000000180019430 f i tools.obj
 0001:00018500       ?_Compile@?$_Parser@PEBDDV?$regex_traits@D@std@@@std@@QEAAPEAV_Root_node@2@XZ 0000000180019500 f i tools.obj
 0001:000185e0       ??1?$_Matcher@V?$_String_const_iterator@V?$_String_val@U?$_Simple_types@D@std@@@std@@@std@@DV?$regex_traits@D@2@V12@@std@@QEAA@XZ 00000001800195e0 f i tools.obj
 0001:000186d0       ?resize@?$vector@U_Loop_vals_t@std@@V?$allocator@U_Loop_vals_t@std@@@2@@std@@QEAAX_K@Z 00000001800196d0 f i tools.obj
 0001:000187d0       ?_Trim@?$vector@_NV?$allocator@_N@std@@@std@@QEAAX_K@Z 00000001800197d0 f i tools.obj
 0001:00018890       ?deallocate@?$_Wrap_alloc@V?$allocator@U_Loop_vals_t@std@@@std@@@std@@QEAAXPEAU_Loop_vals_t@2@_K@Z 0000000180019890 f i tools.obj
 0001:00018890       ?deallocate@?$_Wrap_alloc@V?$allocator@U_Grp_t@?$_Tgt_state_t@V?$_String_const_iterator@V?$_String_val@U?$_Simple_types@D@std@@@std@@@std@@@std@@@std@@@std@@QEAAXPEAU_Grp_t@?$_Tgt_state_t@V?$_String_const_iterator@V?$_String_val@U?$_Simple_types@D@std@@@std@@@std@@@2@_K@Z 0000000180019890 f i tools.obj
 0001:00018900       ?_Reallocate@?$vector@U_Loop_vals_t@std@@V?$allocator@U_Loop_vals_t@std@@@2@@std@@IEAAX_K@Z 0000000180019900 f i tools.obj
 0001:000189e0       ?_Buy@?$vector@IV?$allocator@_N@std@@@std@@IEAA_N_K@Z 00000001800199e0 f i tools.obj
 0001:00018a40       ?_Trans@?$_Parser@PEBDDV?$regex_traits@D@std@@@std@@AEAAXXZ 0000000180019a40 f i tools.obj
 0001:00018c90       ?_Disjunction@?$_Parser@PEBDDV?$regex_traits@D@std@@@std@@AEAAXXZ 0000000180019c90 f i tools.obj
 0001:00018e70       ?_End_group@?$_Builder@PEBDDV?$regex_traits@D@std@@@std@@QEAAXPEAV_Node_base@2@@Z 0000000180019e70 f i tools.obj
 0001:00018e70       ?_End_group@?$_Builder@V?$_String_const_iterator@V?$_String_val@U?$_Simple_types@D@std@@@std@@@std@@DV?$regex_traits@D@2@@std@@QEAAXPEAV_Node_base@2@@Z 0000000180019e70 f i tools.obj
 0001:00018f20       ?_Begin_capture_group@?$_Builder@V?$_String_const_iterator@V?$_String_val@U?$_Simple_types@D@std@@@std@@@std@@DV?$regex_traits@D@2@@std@@QEAAPEAV_Node_base@2@I@Z 0000000180019f20 f i tools.obj
 0001:00018f20       ?_Begin_capture_group@?$_Builder@PEBDDV?$regex_traits@D@std@@@std@@QEAAPEAV_Node_base@2@I@Z 0000000180019f20 f i tools.obj
 0001:00018fa0       ??$_Match@V?$allocator@V?$sub_match@V?$_String_const_iterator@V?$_String_val@U?$_Simple_types@D@std@@@std@@@std@@@std@@@std@@@?$_Matcher@V?$_String_const_iterator@V?$_String_val@U?$_Simple_types@D@std@@@std@@@std@@DV?$regex_traits@D@2@V12@@std@@QEAA_NPEAV?$match_results@V?$_String_const_iterator@V?$_String_val@U?$_Simple_types@D@std@@@std@@@std@@V?$allocator@V?$sub_match@V?$_String_const_iterator@V?$_String_val@U?$_Simple_types@D@std@@@std@@@std@@@std@@@2@@1@_N@Z 0000000180019fa0 f i tools.obj
 0001:00019170       ?_Compile@?$_Parser@V?$_String_const_iterator@V?$_String_val@U?$_Simple_types@D@std@@@std@@@std@@DV?$regex_traits@D@2@@std@@QEAAPEAV_Root_node@2@XZ 000000018001a170 f i tools.obj
 0001:00019250       ?resize@?$vector@U_Grp_t@?$_Tgt_state_t@V?$_String_const_iterator@V?$_String_val@U?$_Simple_types@D@std@@@std@@@std@@@std@@V?$allocator@U_Grp_t@?$_Tgt_state_t@V?$_String_const_iterator@V?$_String_val@U?$_Simple_types@D@std@@@std@@@std@@@std@@@3@@std@@QEAAX_K@Z 000000018001a250 f i tools.obj
 0001:00019360       ?resize@?$vector@_NV?$allocator@_N@std@@@std@@QEAAX_K_N@Z 000000018001a360 f i tools.obj
 0001:00019510       ?resize@?$vector@V?$sub_match@V?$_String_const_iterator@V?$_String_val@U?$_Simple_types@D@std@@@std@@@std@@@std@@V?$allocator@V?$sub_match@V?$_String_const_iterator@V?$_String_val@U?$_Simple_types@D@std@@@std@@@std@@@std@@@2@@std@@QEAAX_K@Z 000000018001a510 f i tools.obj
 0001:00019610       ?_Insert_n@?$vector@_NV?$allocator@_N@std@@@std@@QEAA?AV?$_Vb_iterator@U?$_Wrap_alloc@V?$allocator@I@std@@@std@@@2@V?$_Vb_const_iterator@U?$_Wrap_alloc@V?$allocator@I@std@@@std@@@2@_KAEB_N@Z 000000018001a610 f i tools.obj
 0001:000197c0       ?erase@?$vector@_NV?$allocator@_N@std@@@std@@QEAA?AV?$_Vb_iterator@U?$_Wrap_alloc@V?$allocator@I@std@@@std@@@2@V?$_Vb_const_iterator@U?$_Wrap_alloc@V?$allocator@I@std@@@std@@@2@0@Z 000000018001a7c0 f i tools.obj
 0001:00019a20       ?_Reallocate@?$vector@U_Grp_t@?$_Tgt_state_t@V?$_String_const_iterator@V?$_String_val@U?$_Simple_types@D@std@@@std@@@std@@@std@@V?$allocator@U_Grp_t@?$_Tgt_state_t@V?$_String_const_iterator@V?$_String_val@U?$_Simple_types@D@std@@@std@@@std@@@std@@@3@@std@@IEAAX_K@Z 000000018001aa20 f i tools.obj
 0001:00019b20       ?_Reserve@?$vector@V?$sub_match@V?$_String_const_iterator@V?$_String_val@U?$_Simple_types@D@std@@@std@@@std@@@std@@V?$allocator@V?$sub_match@V?$_String_const_iterator@V?$_String_val@U?$_Simple_types@D@std@@@std@@@std@@@std@@@2@@std@@IEAAX_K@Z 000000018001ab20 f i tools.obj
 0001:00019bf0       ?_Insert_x@?$vector@_NV?$allocator@_N@std@@@std@@QEAA_KV?$_Vb_const_iterator@U?$_Wrap_alloc@V?$allocator@I@std@@@std@@@2@_K@Z 000000018001abf0 f i tools.obj
 0001:00019e10       ?allocate@?$_Wrap_alloc@V?$allocator@U_Grp_t@?$_Tgt_state_t@V?$_String_const_iterator@V?$_String_val@U?$_Simple_types@D@std@@@std@@@std@@@std@@@std@@@std@@QEAAPEAU_Grp_t@?$_Tgt_state_t@V?$_String_const_iterator@V?$_String_val@U?$_Simple_types@D@std@@@std@@@std@@@2@_K@Z 000000018001ae10 f i tools.obj
 0001:00019e80       ?_Reallocate@?$vector@V?$sub_match@V?$_String_const_iterator@V?$_String_val@U?$_Simple_types@D@std@@@std@@@std@@@std@@V?$allocator@V?$sub_match@V?$_String_const_iterator@V?$_String_val@U?$_Simple_types@D@std@@@std@@@std@@@std@@@2@@std@@IEAAX_K@Z 000000018001ae80 f i tools.obj
 0001:00019fc0       ?resize@?$vector@IV?$allocator@_N@std@@@std@@QEAAX_KAEBI@Z 000000018001afc0 f i tools.obj
 0001:0001a160       ?_Is_esc@?$_Parser@PEBDDV?$regex_traits@D@std@@@std@@AEBA_NXZ 000000018001b160 f i tools.obj
 0001:0001a1a0       ?_Next@?$_Parser@PEBDDV?$regex_traits@D@std@@@std@@AEAAXXZ 000000018001b1a0 f i tools.obj
 0001:0001a1f0       ?_Alternative@?$_Parser@PEBDDV?$regex_traits@D@std@@@std@@AEAA_NXZ 000000018001b1f0 f i tools.obj
 0001:0001a650       ?_Beg_expr@?$_Builder@V?$_String_const_iterator@V?$_String_val@U?$_Simple_types@D@std@@@std@@@std@@DV?$regex_traits@D@2@@std@@QEBA_NXZ 000000018001b650 f i tools.obj
 0001:0001a650       ?_Beg_expr@?$_Builder@PEBDDV?$regex_traits@D@std@@@std@@QEBA_NXZ 000000018001b650 f i tools.obj
 0001:0001a690       ?_Begin_group@?$_Builder@PEBDDV?$regex_traits@D@std@@@std@@QEAAPEAV_Node_base@2@XZ 000000018001b690 f i tools.obj
 0001:0001a690       ?_Begin_group@?$_Builder@V?$_String_const_iterator@V?$_String_val@U?$_Simple_types@D@std@@@std@@@std@@DV?$regex_traits@D@2@@std@@QEAAPEAV_Node_base@2@XZ 000000018001b690 f i tools.obj
 0001:0001a700       ?_Begin_if@?$_Builder@V?$_String_const_iterator@V?$_String_val@U?$_Simple_types@D@std@@@std@@@std@@DV?$regex_traits@D@2@@std@@QEAAPEAV_Node_base@2@PEAV32@@Z 000000018001b700 f i tools.obj
 0001:0001a700       ?_Begin_if@?$_Builder@PEBDDV?$regex_traits@D@std@@@std@@QEAAPEAV_Node_base@2@PEAV32@@Z 000000018001b700 f i tools.obj
 0001:0001a7e0       ?_Match_pat@?$_Matcher@V?$_String_const_iterator@V?$_String_val@U?$_Simple_types@D@std@@@std@@@std@@DV?$regex_traits@D@2@V12@@std@@AEAA_NPEAV_Node_base@2@@Z 000000018001b7e0 f i tools.obj
 0001:0001ada0       ?_Trans@?$_Parser@V?$_String_const_iterator@V?$_String_val@U?$_Simple_types@D@std@@@std@@@std@@DV?$regex_traits@D@2@@std@@AEAAXXZ 000000018001bda0 f i tools.obj
 0001:0001b020       ?_Disjunction@?$_Parser@V?$_String_const_iterator@V?$_String_val@U?$_Simple_types@D@std@@@std@@@std@@DV?$regex_traits@D@2@@std@@AEAAXXZ 000000018001c020 f i tools.obj
 0001:0001b200       ??4?$_Tgt_state_t@V?$_String_const_iterator@V?$_String_val@U?$_Simple_types@D@std@@@std@@@std@@@std@@QEAAAEAV01@AEBV01@@Z 000000018001c200 f i tools.obj
 0001:0001b250       ??4?$vector@U_Grp_t@?$_Tgt_state_t@V?$_String_const_iterator@V?$_String_val@U?$_Simple_types@D@std@@@std@@@std@@@std@@V?$allocator@U_Grp_t@?$_Tgt_state_t@V?$_String_const_iterator@V?$_String_val@U?$_Simple_types@D@std@@@std@@@std@@@std@@@3@@std@@QEAAAEAV01@AEBV01@@Z 000000018001c250 f i tools.obj
 0001:0001b380       ?_Buy@?$vector@U_Grp_t@?$_Tgt_state_t@V?$_String_const_iterator@V?$_String_val@U?$_Simple_types@D@std@@@std@@@std@@@std@@V?$allocator@U_Grp_t@?$_Tgt_state_t@V?$_String_const_iterator@V?$_String_val@U?$_Simple_types@D@std@@@std@@@std@@@std@@@3@@std@@IEAA_N_K@Z 000000018001c380 f i tools.obj
 0001:0001b3f0       ??4?$vector@IV?$allocator@_N@std@@@std@@QEAAAEAV01@AEBV01@@Z 000000018001c3f0 f i tools.obj
 0001:0001b520       ??0?$vector@IV?$allocator@_N@std@@@std@@QEAA@AEBV01@@Z 000000018001c520 f i tools.obj
 0001:0001b5d0       ?_Expect@?$_Parser@PEBDDV?$regex_traits@D@std@@@std@@AEAAXW4_Meta_type@2@W4error_type@regex_constants@2@@Z 000000018001c5d0 f i tools.obj
 0001:0001b630       ?_CharacterClass@?$_Parser@PEBDDV?$regex_traits@D@std@@@std@@AEAAXXZ 000000018001c630 f i tools.obj
 0001:0001b720       ?_AtomEscape@?$_Parser@PEBDDV?$regex_traits@D@std@@@std@@AEAAXXZ 000000018001c720 f i tools.obj
 0001:0001b810       ?_Wrapped_disjunction@?$_Parser@PEBDDV?$regex_traits@D@std@@@std@@AEAA_NXZ 000000018001c810 f i tools.obj
 0001:0001b9b0       ?_Quantifier@?$_Parser@PEBDDV?$regex_traits@D@std@@@std@@AEAAXXZ 000000018001c9b0 f i tools.obj
 0001:0001bb40       ?_Add_wbound@?$_Builder@V?$_String_const_iterator@V?$_String_val@U?$_Simple_types@D@std@@@std@@@std@@DV?$regex_traits@D@2@@std@@QEAAXXZ 000000018001cb40 f i tools.obj
 0001:0001bb40       ?_Add_wbound@?$_Builder@PEBDDV?$regex_traits@D@std@@@std@@QEAAXXZ 000000018001cb40 f i tools.obj
 0001:0001bbb0       ?_Add_char@?$_Builder@PEBDDV?$regex_traits@D@std@@@std@@QEAAXD@Z 000000018001cbb0 f i tools.obj
 0001:0001bbb0       ?_Add_char@?$_Builder@V?$_String_const_iterator@V?$_String_val@U?$_Simple_types@D@std@@@std@@@std@@DV?$regex_traits@D@2@@std@@QEAAXD@Z 000000018001cbb0 f i tools.obj
 0001:0001bc80       ?_Do_if@?$_Matcher@V?$_String_const_iterator@V?$_String_val@U?$_Simple_types@D@std@@@std@@@std@@DV?$regex_traits@D@2@V12@@std@@AEAA_NPEAV_Node_if@2@@Z 000000018001cc80 f i tools.obj
 0001:0001c070       ?_Do_rep@?$_Matcher@V?$_String_const_iterator@V?$_String_val@U?$_Simple_types@D@std@@@std@@@std@@DV?$regex_traits@D@2@V12@@std@@AEAA_NPEAV_Node_rep@2@_NH@Z 000000018001d070 f i tools.obj
 0001:0001c340       ?_Do_class@?$_Matcher@V?$_String_const_iterator@V?$_String_val@U?$_Simple_types@D@std@@@std@@@std@@DV?$regex_traits@D@2@V12@@std@@AEAA_NPEAV_Node_base@2@@Z 000000018001d340 f i tools.obj
 0001:0001c530       ?_Better_match@?$_Matcher@V?$_String_const_iterator@V?$_String_val@U?$_Simple_types@D@std@@@std@@@std@@DV?$regex_traits@D@2@V12@@std@@AEAA_NXZ 000000018001d530 f i tools.obj
 0001:0001c620       ?_Next@?$_Parser@V?$_String_const_iterator@V?$_String_val@U?$_Simple_types@D@std@@@std@@@std@@DV?$regex_traits@D@2@@std@@AEAAXXZ 000000018001d620 f i tools.obj
 0001:0001c680       ?_Alternative@?$_Parser@V?$_String_const_iterator@V?$_String_val@U?$_Simple_types@D@std@@@std@@@std@@DV?$regex_traits@D@2@@std@@AEAA_NXZ 000000018001d680 f i tools.obj
 0001:0001ca10       ??$_Compare@V?$_String_const_iterator@V?$_String_val@U?$_Simple_types@D@std@@@std@@@std@@PEBDV?$regex_traits@D@2@@std@@YA?AV?$_String_const_iterator@V?$_String_val@U?$_Simple_types@D@std@@@std@@@0@V10@0PEBD1AEBV?$regex_traits@D@0@W4syntax_option_type@regex_constants@0@@Z 000000018001da10 f i tools.obj
 0001:0001cb60       ??$_Compare@V?$_String_const_iterator@V?$_String_val@U?$_Simple_types@D@std@@@std@@@std@@V12@V?$regex_traits@D@2@@std@@YA?AV?$_String_const_iterator@V?$_String_val@U?$_Simple_types@D@std@@@std@@@0@V10@000AEBV?$regex_traits@D@0@W4syntax_option_type@regex_constants@0@@Z 000000018001db60 f i tools.obj
 0001:0001cca0       ??0?$vector@U_Grp_t@?$_Tgt_state_t@V?$_String_const_iterator@V?$_String_val@U?$_Simple_types@D@std@@@std@@@std@@@std@@V?$allocator@U_Grp_t@?$_Tgt_state_t@V?$_String_const_iterator@V?$_String_val@U?$_Simple_types@D@std@@@std@@@std@@@std@@@3@@std@@QEAA@AEBV01@@Z 000000018001dca0 f i tools.obj
 0001:0001cd50       ??1?$_Node_class@DV?$regex_traits@D@std@@@std@@UEAA@XZ 000000018001dd50 f i tools.obj
 0001:0001ce40       ?translate@?$_Regex_traits@D@std@@QEBADD@Z 000000018001de40 f i tools.obj
 0001:0001cf00       ??_G?$_Node_class@DV?$regex_traits@D@std@@@std@@UEAAPEAXI@Z 000000018001df00 f i tools.obj
 0001:0001cf00       ??_E?$_Node_class@DV?$regex_traits@D@std@@@std@@UEAAPEAXI@Z 000000018001df00 f i * CIL library *:* CIL module *
 0001:0001cf40       ?_DecimalDigits@?$_Parser@PEBDDV?$regex_traits@D@std@@@std@@AEAA_NXZ 000000018001df40 f i tools.obj
 0001:0001cff0       ?_CharacterClassEscape@?$_Parser@PEBDDV?$regex_traits@D@std@@@std@@AEAA_N_N@Z 000000018001dff0 f i tools.obj
 0001:0001d0e0       ?_ClassRanges@?$_Parser@PEBDDV?$regex_traits@D@std@@@std@@AEAAXXZ 000000018001e0e0 f i tools.obj
 0001:0001d240       ?_CharacterEscape@?$_Parser@PEBDDV?$regex_traits@D@std@@@std@@AEAA_NXZ 000000018001e240 f i tools.obj
 0001:0001d5f0       ?_Do_capture_group@?$_Parser@PEBDDV?$regex_traits@D@std@@@std@@AEAAXXZ 000000018001e5f0 f i tools.obj
 0001:0001d670       ?_Do_noncapture_group@?$_Parser@PEBDDV?$regex_traits@D@std@@@std@@AEAAXXZ 000000018001e670 f i tools.obj
 0001:0001d6c0       ?_Do_assert_group@?$_Parser@PEBDDV?$regex_traits@D@std@@@std@@AEAAX_N@Z 000000018001e6c0 f i tools.obj
 0001:0001d710       ?_Add_class@?$_Builder@V?$_String_const_iterator@V?$_String_val@U?$_Simple_types@D@std@@@std@@@std@@DV?$regex_traits@D@2@@std@@QEAAXXZ 000000018001e710 f i tools.obj
 0001:0001d710       ?_Add_class@?$_Builder@PEBDDV?$regex_traits@D@std@@@std@@QEAAXXZ 000000018001e710 f i tools.obj
 0001:0001d7a0       ?_Add_backreference@?$_Builder@V?$_String_const_iterator@V?$_String_val@U?$_Simple_types@D@std@@@std@@@std@@DV?$regex_traits@D@2@@std@@QEAAXI@Z 000000018001e7a0 f i tools.obj
 0001:0001d7a0       ?_Add_backreference@?$_Builder@PEBDDV?$regex_traits@D@std@@@std@@QEAAXI@Z 000000018001e7a0 f i tools.obj
 0001:0001d820       ?_Add_rep@?$_Builder@V?$_String_const_iterator@V?$_String_val@U?$_Simple_types@D@std@@@std@@@std@@DV?$regex_traits@D@2@@std@@QEAAXHH_N@Z 000000018001e820 f i tools.obj
 0001:0001d820       ?_Add_rep@?$_Builder@PEBDDV?$regex_traits@D@std@@@std@@QEAAXHH_N@Z 000000018001e820 f i tools.obj
 0001:0001dad0       ?_Add_str_node@?$_Builder@PEBDDV?$regex_traits@D@std@@@std@@AEAAXXZ 000000018001ead0 f i tools.obj
 0001:0001dad0       ?_Add_str_node@?$_Builder@V?$_String_const_iterator@V?$_String_val@U?$_Simple_types@D@std@@@std@@@std@@DV?$regex_traits@D@2@@std@@AEAAXXZ 000000018001ead0 f i tools.obj
 0001:0001db50       ?_Do_rep0@?$_Matcher@V?$_String_const_iterator@V?$_String_val@U?$_Simple_types@D@std@@@std@@@std@@DV?$regex_traits@D@2@V12@@std@@AEAA_NPEAV_Node_rep@2@_N@Z 000000018001eb50 f i tools.obj
 0001:0001dfc0       ?_Expect@?$_Parser@V?$_String_const_iterator@V?$_String_val@U?$_Simple_types@D@std@@@std@@@std@@DV?$regex_traits@D@2@@std@@AEAAXW4_Meta_type@2@W4error_type@regex_constants@2@@Z 000000018001efc0 f i tools.obj
 0001:0001e030       ?_CharacterClass@?$_Parser@V?$_String_const_iterator@V?$_String_val@U?$_Simple_types@D@std@@@std@@@std@@DV?$regex_traits@D@2@@std@@AEAAXXZ 000000018001f030 f i tools.obj
 0001:0001e0e0       ?_AtomEscape@?$_Parser@V?$_String_const_iterator@V?$_String_val@U?$_Simple_types@D@std@@@std@@@std@@DV?$regex_traits@D@2@@std@@AEAAXXZ 000000018001f0e0 f i tools.obj
 0001:0001e1d0       ?_Wrapped_disjunction@?$_Parser@V?$_String_const_iterator@V?$_String_val@U?$_Simple_types@D@std@@@std@@@std@@DV?$regex_traits@D@2@@std@@AEAA_NXZ 000000018001f1d0 f i tools.obj
 0001:0001e2e0       ?_Quantifier@?$_Parser@V?$_String_const_iterator@V?$_String_val@U?$_Simple_types@D@std@@@std@@@std@@DV?$regex_traits@D@2@@std@@AEAAXXZ 000000018001f2e0 f i tools.obj
 0001:0001e420       ??$_Cmp_chrange@V?$_String_const_iterator@V?$_String_val@U?$_Simple_types@D@std@@@std@@@std@@PEBDU?$_Cmp_icase@V?$regex_traits@D@std@@@2@@std@@YA?AV?$_String_const_iterator@V?$_String_val@U?$_Simple_types@D@std@@@std@@@0@V10@0PEBD1U?$_Cmp_icase@V?$regex_traits@D@std@@@0@@Z 000000018001f420 f i tools.obj
 0001:0001e500       ??$_Cmp_chrange@V?$_String_const_iterator@V?$_String_val@U?$_Simple_types@D@std@@@std@@@std@@V12@U?$_Cmp_icase@V?$regex_traits@D@std@@@2@@std@@YA?AV?$_String_const_iterator@V?$_String_val@U?$_Simple_types@D@std@@@std@@@0@V10@000U?$_Cmp_icase@V?$regex_traits@D@std@@@0@@Z 000000018001f500 f i tools.obj
 0001:0001e5d0       ??_G?$_Node_str@D@std@@UEAAPEAXI@Z 000000018001f5d0 f i tools.obj
 0001:0001e5d0       ??_E?$_Node_str@D@std@@UEAAPEAXI@Z 000000018001f5d0 f i * CIL library *:* CIL module *
 0001:0001e620       ?_OctalDigits@?$_Parser@PEBDDV?$regex_traits@D@std@@@std@@AEAA_NXZ 000000018001f620 f i tools.obj
 0001:0001e6c0       ?_ClassAtom@?$_Parser@PEBDDV?$regex_traits@D@std@@@std@@AEAA?AW4_Prs_ret@2@XZ 000000018001f6c0 f i tools.obj
 0001:0001e910       ?_IdentityEscape@?$_Parser@PEBDDV?$regex_traits@D@std@@@std@@AEAA_NXZ 000000018001f910 f i tools.obj
 0001:0001e990       ?_Do_ffn@?$_Parser@PEBDDV?$regex_traits@D@std@@@std@@AEAA_ND@Z 000000018001f990 f i tools.obj
 0001:0001e990       ?_Do_ffn@?$_Parser@V?$_String_const_iterator@V?$_String_val@U?$_Simple_types@D@std@@@std@@@std@@DV?$regex_traits@D@2@@std@@AEAA_ND@Z 000000018001f990 f i tools.obj
 0001:0001e9e0       ?_Add_range@?$_Builder@PEBDDV?$regex_traits@D@std@@@std@@QEAAXDD@Z 000000018001f9e0 f i tools.obj
 0001:0001e9e0       ?_Add_range@?$_Builder@V?$_String_const_iterator@V?$_String_val@U?$_Simple_types@D@std@@@std@@@std@@DV?$regex_traits@D@2@@std@@QEAAXDD@Z 000000018001f9e0 f i tools.obj
 0001:0001ebb0       ?_Begin_assert_group@?$_Builder@V?$_String_const_iterator@V?$_String_val@U?$_Simple_types@D@std@@@std@@@std@@DV?$regex_traits@D@2@@std@@QEAAPEAV_Node_base@2@_N@Z 000000018001fbb0 f i tools.obj
 0001:0001ebb0       ?_Begin_assert_group@?$_Builder@PEBDDV?$regex_traits@D@std@@@std@@QEAAPEAV_Node_base@2@_N@Z 000000018001fbb0 f i tools.obj
 0001:0001ec80       ?_Add_char_to_bitmap@?$_Builder@V?$_String_const_iterator@V?$_String_val@U?$_Simple_types@D@std@@@std@@@std@@DV?$regex_traits@D@2@@std@@AEAAXD@Z 000000018001fc80 f i tools.obj
 0001:0001ec80       ?_Add_char_to_bitmap@?$_Builder@PEBDDV?$regex_traits@D@std@@@std@@AEAAXD@Z 000000018001fc80 f i tools.obj
 0001:0001ed20       ?_Add_char_to_array@?$_Builder@V?$_String_const_iterator@V?$_String_val@U?$_Simple_types@D@std@@@std@@@std@@DV?$regex_traits@D@2@@std@@AEAAXD@Z 000000018001fd20 f i tools.obj
 0001:0001ed20       ?_Add_char_to_array@?$_Builder@PEBDDV?$regex_traits@D@std@@@std@@AEAAXD@Z 000000018001fd20 f i tools.obj
 0001:0001ede0       ?_DecimalDigits@?$_Parser@V?$_String_const_iterator@V?$_String_val@U?$_Simple_types@D@std@@@std@@@std@@DV?$regex_traits@D@2@@std@@AEAA_NXZ 000000018001fde0 f i tools.obj
 0001:0001ee90       ?_CharacterClassEscape@?$_Parser@V?$_String_const_iterator@V?$_String_val@U?$_Simple_types@D@std@@@std@@@std@@DV?$regex_traits@D@2@@std@@AEAA_N_N@Z 000000018001fe90 f i tools.obj
 0001:0001ef40       ?_ClassRanges@?$_Parser@V?$_String_const_iterator@V?$_String_val@U?$_Simple_types@D@std@@@std@@@std@@DV?$regex_traits@D@2@@std@@AEAAXXZ 000000018001ff40 f i tools.obj
 0001:0001f0a0       ?_CharacterEscape@?$_Parser@V?$_String_const_iterator@V?$_String_val@U?$_Simple_types@D@std@@@std@@@std@@DV?$regex_traits@D@2@@std@@AEAA_NXZ 00000001800200a0 f i tools.obj
 0001:0001f3d0       ?_Do_capture_group@?$_Parser@V?$_String_const_iterator@V?$_String_val@U?$_Simple_types@D@std@@@std@@@std@@DV?$regex_traits@D@2@@std@@AEAAXXZ 00000001800203d0 f i tools.obj
 0001:0001f450       ?_Do_noncapture_group@?$_Parser@V?$_String_const_iterator@V?$_String_val@U?$_Simple_types@D@std@@@std@@@std@@DV?$regex_traits@D@2@@std@@AEAAXXZ 0000000180020450 f i tools.obj
 0001:0001f4a0       ?_Do_assert_group@?$_Parser@V?$_String_const_iterator@V?$_String_val@U?$_Simple_types@D@std@@@std@@@std@@DV?$regex_traits@D@2@@std@@AEAAX_N@Z 00000001800204a0 f i tools.obj
 0001:0001f4f0       ??$lookup_classname@PEBD@?$_Regex_traits@D@std@@QEBAFPEBD0_N@Z 00000001800204f0 f i tools.obj
 0001:0001f5c0       ?_Do_ex_class@?$_Parser@PEBDDV?$regex_traits@D@std@@@std@@AEAAXW4_Meta_type@2@@Z 00000001800205c0 f i tools.obj
 0001:0001f7e0       ?_ClassEscape@?$_Parser@PEBDDV?$regex_traits@D@std@@@std@@AEAA?AW4_Prs_ret@2@_N@Z 00000001800207e0 f i tools.obj
 0001:0001f8b0       ?_IsIdentityEscape@?$_Parser@PEBDDV?$regex_traits@D@std@@@std@@AEBA_NXZ 00000001800208b0 f i tools.obj
 0001:0001f8b0       ?_IsIdentityEscape@?$_Parser@V?$_String_const_iterator@V?$_String_val@U?$_Simple_types@D@std@@@std@@@std@@DV?$regex_traits@D@2@@std@@AEBA_NXZ 00000001800208b0 f i tools.obj
 0001:0001f9d0       ?_Add_elts@?$_Builder@V?$_String_const_iterator@V?$_String_val@U?$_Simple_types@D@std@@@std@@@std@@DV?$regex_traits@D@2@@std@@AEAAXPEAV?$_Node_class@DV?$regex_traits@D@std@@@2@F_N@Z 00000001800209d0 f i tools.obj
 0001:0001f9d0       ?_Add_elts@?$_Builder@PEBDDV?$regex_traits@D@std@@@std@@AEAAXPEAV?$_Node_class@DV?$regex_traits@D@std@@@2@F_N@Z 00000001800209d0 f i tools.obj
 0001:0001fac0       ?_OctalDigits@?$_Parser@V?$_String_const_iterator@V?$_String_val@U?$_Simple_types@D@std@@@std@@@std@@DV?$regex_traits@D@2@@std@@AEAA_NXZ 0000000180020ac0 f i tools.obj
 0001:0001fb70       ?_ClassAtom@?$_Parser@V?$_String_const_iterator@V?$_String_val@U?$_Simple_types@D@std@@@std@@@std@@DV?$regex_traits@D@2@@std@@AEAA?AW4_Prs_ret@2@XZ 0000000180020b70 f i tools.obj
 0001:0001fcf0       ?_IdentityEscape@?$_Parser@V?$_String_const_iterator@V?$_String_val@U?$_Simple_types@D@std@@@std@@@std@@DV?$regex_traits@D@2@@std@@AEAA_NXZ 0000000180020cf0 f i tools.obj
 0001:0001fd70       ??$lookup_classname@V?$_String_const_iterator@V?$_String_val@U?$_Simple_types@D@std@@@std@@@std@@@?$_Regex_traits@D@std@@QEBAFV?$_String_const_iterator@V?$_String_val@U?$_Simple_types@D@std@@@std@@@1@0_N@Z 0000000180020d70 f i tools.obj
 0001:0001fe30       ?_Add_equiv@?$_Builder@PEBDDV?$regex_traits@D@std@@@std@@QEAAXPEBD0_J@Z 0000000180020e30 f i tools.obj
 0001:00020060       ?_Do_ex_class@?$_Parser@V?$_String_const_iterator@V?$_String_val@U?$_Simple_types@D@std@@@std@@@std@@DV?$regex_traits@D@2@@std@@AEAAXW4_Meta_type@2@@Z 0000000180021060 f i tools.obj
 0001:00020250       ?_ClassEscape@?$_Parser@V?$_String_const_iterator@V?$_String_val@U?$_Simple_types@D@std@@@std@@@std@@DV?$regex_traits@D@2@@std@@AEAA?AW4_Prs_ret@2@_N@Z 0000000180021250 f i tools.obj
 0001:000202e0       ?_Char_to_elts@?$_Builder@PEBDDV?$regex_traits@D@std@@@std@@AEAAXPEBD0_JPEAPEAU?$_Sequence@D@2@@Z 00000001800212e0 f i tools.obj
 0001:00020380       ?_Add_equiv@?$_Builder@V?$_String_const_iterator@V?$_String_val@U?$_Simple_types@D@std@@@std@@@std@@DV?$regex_traits@D@2@@std@@QEAAXV?$_String_const_iterator@V?$_String_val@U?$_Simple_types@D@std@@@std@@@2@0_J@Z 0000000180021380 f i tools.obj
 0001:000205b0       ??$transform_primary@PEBD@?$_Regex_traits@D@std@@QEBA?AV?$basic_string@DU?$char_traits@D@std@@V?$allocator@D@2@@1@PEBD0@Z 00000001800215b0 f i tools.obj
 0001:000205b0       ??$transform_primary@PEAD@?$_Regex_traits@D@std@@QEBA?AV?$basic_string@DU?$char_traits@D@std@@V?$allocator@D@2@@1@PEAD0@Z 00000001800215b0 f i tools.obj
 0001:000207e0       ?_Char_to_elts@?$_Builder@V?$_String_const_iterator@V?$_String_val@U?$_Simple_types@D@std@@@std@@@std@@DV?$regex_traits@D@2@@std@@AEAAXV?$_String_const_iterator@V?$_String_val@U?$_Simple_types@D@std@@@std@@@2@0_JPEAPEAU?$_Sequence@D@2@@Z 00000001800217e0 f i tools.obj
 0001:00020880       ??$_Insert@PEBD@?$_Buf@D@std@@QEAAXPEBD0@Z 0000000180021880 f i tools.obj
 0001:00020910       ??$transform_primary@V?$_String_const_iterator@V?$_String_val@U?$_Simple_types@D@std@@@std@@@std@@@?$_Regex_traits@D@std@@QEBA?AV?$basic_string@DU?$char_traits@D@std@@V?$allocator@D@2@@1@V?$_String_const_iterator@V?$_String_val@U?$_Simple_types@D@std@@@std@@@1@0@Z 0000000180021910 f i tools.obj
 0001:00020b80       ??$_Equal_unchecked1@PEBDPEBDU?$_Cmp_icase@V?$_Regex_traits@D@std@@@std@@@std@@YA_NPEBD00AEAU?$_Cmp_icase@V?$_Regex_traits@D@std@@@0@U?$integral_constant@_N$0A@@0@@Z 0000000180021b80 f i tools.obj
 0001:00020c50       ??$_Insert@V?$_String_const_iterator@V?$_String_val@U?$_Simple_types@D@std@@@std@@@std@@@?$_Buf@D@std@@QEAAXV?$_String_const_iterator@V?$_String_val@U?$_Simple_types@D@std@@@std@@@1@0@Z 0000000180021c50 f i tools.obj
 0001:00020cd0       ??_E?$basic_stringstream@DU?$char_traits@D@std@@V?$allocator@D@2@@std@@$4PPPPPPPM@A@EAAPEAXI@Z 0000000180021cd0 f i tools.obj
 0001:00020cdc       ??_E?$basic_iostream@DU?$char_traits@D@std@@@std@@$4PPPPPPPM@A@EAAPEAXI@Z 0000000180021cdc f i tools.obj
 0001:00020ce8       ??0_Init_locks@std@@QEAA@XZ 0000000180021ce8 f   libcpmt:xlock.obj
 0001:00020d34       ??0_Lockit@std@@QEAA@H@Z   0000000180021d34 f   libcpmt:xlock.obj
 0001:00020d70       ??1_Init_locks@std@@QEAA@XZ 0000000180021d70 f   libcpmt:xlock.obj
 0001:00020db4       ??1_Lockit@std@@QEAA@XZ    0000000180021db4 f   libcpmt:xlock.obj
 0001:00020de8       ??4?$_Yarn@D@std@@QEAAAEAV01@PEBD@Z 0000000180021de8 f i libcpmt:locale0.obj
 0001:00020e60       ??_G_Fac_node@std@@QEAAPEAXI@Z 0000000180021e60 f i libcpmt:locale0.obj
 0001:00020eec       ??_G_Locimp@locale@std@@MEAAPEAXI@Z 0000000180021eec f i libcpmt:locale0.obj
 0001:00020eec       ??_E_Locimp@locale@std@@MEAAPEAXI@Z 0000000180021eec f i libcpmt:locale0.obj
 0001:00020f58       ?_Facet_Register@std@@YAXPEAV_Facet_base@1@@Z 0000000180021f58 f   libcpmt:locale0.obj
 0001:00020f90       ?_Getgloballocale@locale@std@@CAPEAV_Locimp@12@XZ 0000000180021f90 f   libcpmt:locale0.obj
 0001:00020f98       ?_Init@locale@std@@CAPEAV_Locimp@12@_N@Z 0000000180021f98 f   libcpmt:locale0.obj
 0001:00021054       ?_Locimp_dtor@_Locimp@locale@std@@CAXPEAV123@@Z 0000000180022054 f   libcpmt:locale0.obj
 0001:000210fc       ?_Locinfo_ctor@_Locinfo@std@@SAXPEAV12@PEBD@Z 00000001800220fc f   libcpmt:locale0.obj
 0001:00021168       ?_Locinfo_dtor@_Locinfo@std@@SAXPEAV12@@Z 0000000180022168 f   libcpmt:locale0.obj
 0001:0002118c       ?_New_Locimp@_Locimp@locale@std@@CAPEAV123@_N@Z 000000018002218c f   libcpmt:locale0.obj
 0001:000211fc       ?_Setgloballocale@locale@std@@CAXPEAX@Z 00000001800221fc f   libcpmt:locale0.obj
 0001:00021230       _Deletegloballocale        0000000180022230 f   libcpmt:locale0.obj
 0001:000212b8       ??0bad_alloc@std@@QEAA@AEBV01@@Z 00000001800222b8 f i libcpmt:xthrow.obj
 0001:000212f8       ??0bad_alloc@std@@QEAA@XZ  00000001800222f8 f i libcpmt:xthrow.obj
 0001:00021318       ??0exception@std@@QEAA@AEBV01@@Z 0000000180022318 f i libcpmt:xthrow.obj
 0001:00021350       ??0invalid_argument@std@@QEAA@AEBV01@@Z 0000000180022350 f i libcpmt:xthrow.obj
 0001:00021390       ??0invalid_argument@std@@QEAA@PEBD@Z 0000000180022390 f i libcpmt:xthrow.obj
 0001:000213dc       ??0length_error@std@@QEAA@AEBV01@@Z 00000001800223dc f i libcpmt:xthrow.obj
 0001:0002141c       ??0length_error@std@@QEAA@PEBD@Z 000000018002241c f i libcpmt:xthrow.obj
 0001:00021468       ??0logic_error@std@@QEAA@AEBV01@@Z 0000000180022468 f i libcpmt:xthrow.obj
 0001:000214a8       ??0out_of_range@std@@QEAA@AEBV01@@Z 00000001800224a8 f i libcpmt:xthrow.obj
 0001:000214e8       ??0out_of_range@std@@QEAA@PEBD@Z 00000001800224e8 f i libcpmt:xthrow.obj
 0001:00021534       ??0regex_error@std@@QEAA@AEBV01@@Z 0000000180022534 f i libcpmt:xthrow.obj
 0001:00021584       ??0regex_error@std@@QEAA@W4error_type@regex_constants@1@@Z 0000000180022584 f i libcpmt:xthrow.obj
 0001:000215ec       ??0runtime_error@std@@QEAA@AEBV01@@Z 00000001800225ec f i libcpmt:xthrow.obj
 0001:0002162c       ??1bad_exception@std@@UEAA@XZ 000000018002262c f i libvcruntime:frame.obj
 0001:0002162c       ??1bad_alloc@std@@UEAA@XZ  000000018002262c f i libcpmt:xthrow.obj
 0001:0002162c       ??1length_error@std@@UEAA@XZ 000000018002262c f i libcpmt:xthrow.obj
 0001:0002162c       ??1invalid_argument@std@@UEAA@XZ 000000018002262c f i libcpmt:xthrow.obj
 0001:0002162c       ??1regex_error@std@@UEAA@XZ 000000018002262c f i libcpmt:xthrow.obj
 0001:0002162c       ??1bad_array_new_length@std@@UEAA@XZ 000000018002262c f i LIBCMT:throw_bad_alloc.obj
 0001:0002162c       ??1out_of_range@std@@UEAA@XZ 000000018002262c f i libcpmt:xthrow.obj
 0001:00021640       ??_Ginvalid_argument@std@@UEAAPEAXI@Z 0000000180022640 f i libcpmt:xthrow.obj
 0001:00021640       ??_Gbad_exception@std@@UEAAPEAXI@Z 0000000180022640 f i libvcruntime:frame.obj
 0001:00021640       ??_Elogic_error@std@@UEAAPEAXI@Z 0000000180022640 f i libcpmt:xthrow.obj
 0001:00021640       ??_Ebad_alloc@std@@UEAAPEAXI@Z 0000000180022640 f i libcpmt:xthrow.obj
 0001:00021640       ??_Glength_error@std@@UEAAPEAXI@Z 0000000180022640 f i libcpmt:xthrow.obj
 0001:00021640       ??_Gbad_alloc@std@@UEAAPEAXI@Z 0000000180022640 f i libcpmt:xthrow.obj
 0001:00021640       ??_Ebad_exception@std@@UEAAPEAXI@Z 0000000180022640 f i libvcruntime:frame.obj
 0001:00021640       ??_Elength_error@std@@UEAAPEAXI@Z 0000000180022640 f i libcpmt:xthrow.obj
 0001:00021640       ??_Einvalid_argument@std@@UEAAPEAXI@Z 0000000180022640 f i libcpmt:xthrow.obj
 0001:00021640       ??_Eexception@std@@UEAAPEAXI@Z 0000000180022640 f i libcpmt:xthrow.obj
[...]
 0004:00003c00       $pdata$qsort               000000018006ac00     libucrt:qsort.obj
 0004:00003c0c       $pdata$4$qsort             000000018006ac0c     libucrt:qsort.obj
 0004:00003c18       $pdata$5$qsort             000000018006ac18     libucrt:qsort.obj
 0004:00003c24       $pdata$strpbrk             000000018006ac24     libucrt:strpbrk.obj
 0004:00003c30       $pdata$_mbsdec_l           000000018006ac30     libucrt:mbsdec.obj
 0004:00003c3c       $pdata$?initialize_multibyte@@YAHXZ 000000018006ac3c     libucrt:multibyte_initializer.obj
 0004:00003c48       $pdata$_msize              000000018006ac48     libucrt:msize.obj
 0004:00003c54       $pdata$__dcrt_lowio_initialize_console_output 000000018006ac54     libucrt:initcon.obj
 0004:00003c60       $pdata$__dcrt_terminate_console_output 000000018006ac60     libucrt:initcon.obj
 0004:00003c6c       $pdata$_clearfp            000000018006ac6c     libucrt:ieee.obj
 0004:00003c78       $pdata$common_control87    000000018006ac78     libucrt:ieee.obj
 0004:00003c84       $pdata$fegetenv            000000018006ac84     libucrt:fegetenv.obj
 0004:00003c90       $pdata$fesetenv            000000018006ac90     libucrt:fesetenv.obj
 0004:00003c9c       $pdata$feholdexcept        000000018006ac9c     libucrt:feholdexcept.obj
 0004:00003cb4       $pdata$_get_fmode          000000018006acb4     libucrt:setmode.obj
 0004:00003cc0       $pdata$_setmode_nolock     000000018006acc0     libucrt:setmode.obj
 0004:00003ccc       $pdata$__acrt_copy_path_to_wide_string 000000018006accc     libucrt:string_utilities.obj
 0004:00003cd8       $pdata$_chsize_nolock      000000018006acd8     libucrt:chsize.obj
 0004:00003ce4       $pdata$__acrt_LCMapStringW 000000018006ace4     libucrt:lcmapstringw.obj
 0004:00003cf0       $pdata$_log10_special      000000018006acf0     libucrt:log_special.obj
 0004:00003cfc       $pdata$_log_special_common 000000018006acfc     libucrt:log_special.obj
 0004:00003d08       $pdata$_IsNonwritableInCurrentImage 000000018006ad08     LIBCMT:pesect.obj
 0004:00003d14       $pdata$strrchr             000000018006ad14     libvcruntime:strrchr.obj
 0004:00003d20       $pdata$wcschr              000000018006ad20     libvcruntime:wcschr.obj
 0004:00003d38       $pdata$splitexp            000000018006ad38     libucrt:tanh.obj
 0004:00003d44       $pdata$tanh                000000018006ad44     libucrt:tanh.obj
 0004:00003d50       $pdata$_exp_special        000000018006ad50     libucrt:exp_special.obj
 0004:00003d68       $pdata$?catch$0@?0??_ReadFromFile@DataClass@ANN@@AEAAXAEBV?$basic_string@DU?$char_traits@D@std@@V?$allocator@D@2@@std@@PEAVIsolate@v8@@@Z@4HA 000000018006ad68     data-class.obj
 0004:00003d74       $pdata$__scrt_is_nonwritable_in_current_image$filt$0 000000018006ad74     LIBCMT:utility.obj
 0004:00003d80       $pdata$?fin$0@?0??dllmain_crt_process_attach@@YAHQEAUHINSTANCE__@@QEAX@Z@4HA 000000018006ad80     LIBCMT:dll_dllmain.obj
 0004:00003d8c       $pdata$?fin$0@?0??dllmain_crt_process_detach@@YAH_N@Z@4HA 000000018006ad8c     LIBCMT:dll_dllmain.obj
 0004:00003d98       $pdata$?filt$0@?0??dllmain_dispatch@@YAHQEAUHINSTANCE__@@KQEAX@Z@4HA 000000018006ad98     LIBCMT:dll_dllmain.obj
 0004:00003da4       $pdata$__CxxCallCatchBlock$filt$0 000000018006ada4     libvcruntime:frame.obj
 0004:00003db0       $pdata$__CxxCallCatchBlock$fin$1 000000018006adb0     libvcruntime:frame.obj
 0004:00003dbc       $pdata$__DestructExceptionObject$filt$0 000000018006adbc     libvcruntime:frame.obj
 0004:00003dc8       $pdata$__FrameUnwindToState$filt$0 000000018006adc8     libvcruntime:frame.obj
 0004:00003dd4       $pdata$__FrameUnwindToState$fin$1 000000018006add4     libvcruntime:frame.obj
 0004:00003de0       $pdata$_CallSETranslator$filt$0 000000018006ade0     libvcruntime:trnsctrl.obj
 0004:00003dec       $pdata$fputc$fin$0         000000018006adec     libucrt:fputc.obj
 0004:00003df8       $pdata$common_flush_all$fin$0 000000018006adf8     libucrt:fflush.obj
 0004:00003e04       $pdata$common_flush_all$fin$1 000000018006ae04     libucrt:fflush.obj
 0004:00003e10       $pdata$fflush$fin$0        000000018006ae10     libucrt:fflush.obj
 0004:00003e10       $pdata$fclose$fin$0        000000018006ae10     libucrt:fclose.obj
 0004:00003e1c       $pdata$fgetc$fin$0         000000018006ae1c     libucrt:fgetc.obj
 0004:00003e28       $pdata$ungetc$fin$0        000000018006ae28     libucrt:ungetc.obj
 0004:00003e34       $pdata$?fin$0@?0??common_fseek@@YAHV__crt_stdio_stream@@_JH@Z@4HA 000000018006ae34     libucrt:fseek.obj
 0004:00003e34       $pdata$?fin$0@?0???$common_ftell@_J@@YA_JV__crt_stdio_stream@@@Z@4HA 000000018006ae34     libucrt:ftell.obj
 0004:00003e40       $pdata$?fin$0@?0???$?RV<lambda_7a5ef57ff966f610505f1d28a3d40618>@@AEAV<lambda_b721fa326cdb32351d23dfa67958c160>@@V<lambda_5e0fb27672408a07956fe59e48ccb2aa>@@@?$__crt_seh_guarded_call@H@@QEAAH$$QEAV<lambda_7a5ef57ff966f610505f1d28a3d40618>@@AEAV<lambda_b721fa326cdb32351d23dfa67958c160>@@$$QEAV<lambda_5e0fb27672408a07956fe59e48ccb2aa>@@@Z@4HA 000000018006ae40     libucrt:setvbuf.obj
 0004:00003e40       $pdata$?fin$0@?0???$?RV<lambda_7b91131dde12e1c3dfc74ff76b3f2eac>@@AEAV<lambda_dd75445284c072d0bd3768540cc698fa>@@V<lambda_16bc4ecb55b4718497c16bceaea2ceaf>@@@?$__crt_seh_guarded_call@H@@QEAAH$$QEAV<lambda_7b91131dde12e1c3dfc74ff76b3f2eac>@@AEAV<lambda_dd75445284c072d0bd3768540cc698fa>@@$$QEAV<lambda_16bc4ecb55b4718497c16bceaea2ceaf>@@@Z@4HA 000000018006ae40     libucrt:output.obj
 0004:00003e40       $pdata$?fin$0@?0???$?RV<lambda_5d4c3fee44080f75d5d9762853974fe0>@@AEAV<lambda_532e024f4337e6fc7ad266c2bef9f4ed>@@V<lambda_c87bdc10097eb2402edb8ba9bdf0697b>@@@?$__crt_seh_guarded_call@_K@@QEAA_K$$QEAV<lambda_5d4c3fee44080f75d5d9762853974fe0>@@AEAV<lambda_532e024f4337e6fc7ad266c2bef9f4ed>@@$$QEAV<lambda_c87bdc10097eb2402edb8ba9bdf0697b>@@@Z@4HA 000000018006ae40     libucrt:fwrite.obj
 0004:00003e4c       $pdata$setlocale$fin$0     000000018006ae4c     libucrt:setlocale.obj
 0004:00003e58       $pdata$?fin$0@?0???$common_fsopen@D@@YAPEAU_iobuf@@QEBD0H@Z@4HA 000000018006ae58     libucrt:fopen.obj
 0004:00003e64       $pdata$_query_new_handler$fin$0 000000018006ae64     libucrt:new_handler.obj
 0004:00003e70       $pdata$?filt$0@?0??common_exit@@YAXHW4_crt_exit_cleanup_mode@@W4_crt_exit_return_mode@@@Z@4HA 000000018006ae70     libucrt:exit.obj
 0004:00003e7c       $pdata$?fin$1@?0??common_exit@@YAXHW4_crt_exit_cleanup_mode@@W4_crt_exit_return_mode@@@Z@4HA 000000018006ae7c     libucrt:exit.obj
 0004:00003e88       $pdata$?fin$0@?0???$?RV<lambda_e24bbb7b643b32fcea6fa61b31d4c984>@@AEAV<lambda_275893d493268fdec8709772e3fcec0e>@@V<lambda_9d71df4d7cf3f480f8d633942495c3b0>@@@?$__crt_seh_guarded_call@H@@QEAAH$$QEAV<lambda_e24bbb7b643b32fcea6fa61b31d4c984>@@AEAV<lambda_275893d493268fdec8709772e3fcec0e>@@$$QEAV<lambda_9d71df4d7cf3f480f8d633942495c3b0>@@@Z@4HA 000000018006ae88     libucrt:onexit.obj
 0004:00003e94       $pdata$raise$fin$0         000000018006ae94     libucrt:signal.obj
 0004:00003ea0       $pdata$?fin$0@?0???$?RV<lambda_b521505b218e5242e90febf6bfebc422>@@AEAV<lambda_6978c1fb23f02e42e1d9e99668cc68aa>@@V<lambda_314360699dd331753a4119843814e9a7>@@@?$__crt_seh_guarded_call@H@@QEAAH$$QEAV<lambda_b521505b218e5242e90febf6bfebc422>@@AEAV<lambda_6978c1fb23f02e42e1d9e99668cc68aa>@@$$QEAV<lambda_314360699dd331753a4119843814e9a7>@@@Z@4HA 000000018006aea0     libucrt:commit.obj
 0004:00003ea0       $pdata$?fin$0@?0???$?RV<lambda_bfedae4ebbf01fab1bb6dcc6a9e276e0>@@AEAV<lambda_2fe9b910cf3cbf4a0ab98a02ba45b3ec>@@V<lambda_237c231691f317818eb88cc1d5d642d6>@@@?$__crt_seh_guarded_call@H@@QEAAH$$QEAV<lambda_bfedae4ebbf01fab1bb6dcc6a9e276e0>@@AEAV<lambda_2fe9b910cf3cbf4a0ab98a02ba45b3ec>@@$$QEAV<lambda_237c231691f317818eb88cc1d5d642d6>@@@Z@4HA 000000018006aea0     libucrt:close.obj
 0004:00003eac       $pdata$?fin$0@?0???$?RV<lambda_5df02c53a8f32f81fd64e5bbb78039f1>@@AEAV<lambda_2af78c5f5901b1372d98f9ab3177dfa6>@@AEAV<lambda_f51fe5fd7c79a33db34fc9310f277369>@@@?$__crt_seh_guarded_call@X@@QEAAX$$QEAV<lambda_5df02c53a8f32f81fd64e5bbb78039f1>@@AEAV<lambda_2af78c5f5901b1372d98f9ab3177dfa6>@@AEAV<lambda_f51fe5fd7c79a33db34fc9310f277369>@@@Z@4HA 000000018006aeac     libucrt:wsetlocale.obj
 0004:00003eb8       $pdata$?fin$0@?0???$?RV<lambda_99476a1ad63dd22509b5d3e65b0ffc95>@@AEAV<lambda_ad1ced32f4ac17aa236e5ef05d6b3b7c>@@V<lambda_f7424dd8d45958661754dc4f2697e9c3>@@@?$__crt_seh_guarded_call@X@@QEAAX$$QEAV<lambda_99476a1ad63dd22509b5d3e65b0ffc95>@@AEAV<lambda_ad1ced32f4ac17aa236e5ef05d6b3b7c>@@$$QEAV<lambda_f7424dd8d45958661754dc4f2697e9c3>@@@Z@4HA 000000018006aeb8     libucrt:mbctype.obj
 0004:00003eb8       $pdata$?fin$0@?0???$?RV<lambda_b8c45f8f788dd370798f47cfe8ac3a86>@@AEAV<lambda_4e60a939b0d047cfe11ddc22648dfba9>@@V<lambda_332c3edc96d0294ec56c57d38c1cdfd5>@@@?$__crt_seh_guarded_call@H@@QEAAH$$QEAV<lambda_b8c45f8f788dd370798f47cfe8ac3a86>@@AEAV<lambda_4e60a939b0d047cfe11ddc22648dfba9>@@$$QEAV<lambda_332c3edc96d0294ec56c57d38c1cdfd5>@@@Z@4HA 000000018006aeb8     libucrt:onexit.obj
 0004:00003eb8       $pdata$?fin$0@?0???$?RV<lambda_c36588078e9f5dfd39652860aa6b3aaf>@@AEAV<lambda_ec61778202f4f5fc7e7711acc23c3bca>@@V<lambda_dc9d2797ccde5d239b4a0efae8ebd7db>@@@?$__crt_seh_guarded_call@P6AXH@Z@@QEAAP6AXH@Z$$QEAV<lambda_c36588078e9f5dfd39652860aa6b3aaf>@@AEAV<lambda_ec61778202f4f5fc7e7711acc23c3bca>@@$$QEAV<lambda_dc9d2797ccde5d239b4a0efae8ebd7db>@@@Z@4HA 000000018006aeb8     libucrt:signal.obj
 0004:00003eb8       $pdata$?fin$0@?0???$?RV<lambda_630b2aca97f6d20d5b5ea6529ea6b6af>@@AEAV<lambda_af91936f1d075d609f72d9d8cba980af>@@V<lambda_e82fa975f615b5c7c7b0e4d178fdae67>@@@?$__crt_seh_guarded_call@H@@QEAAH$$QEAV<lambda_630b2aca97f6d20d5b5ea6529ea6b6af>@@AEAV<lambda_af91936f1d075d609f72d9d8cba980af>@@$$QEAV<lambda_e82fa975f615b5c7c7b0e4d178fdae67>@@@Z@4HA 000000018006aeb8     libucrt:winapi_thunks.obj
 0004:00003eb8       $pdata$?fin$0@?0???$?RV<lambda_72d1df2b273a38828b1ce30cbf4cdab5>@@AEAV<lambda_876a65b173b8412d3a47c70a915b0cf4>@@V<lambda_41932305e351933ebe8f8be3ed8bb5dc>@@@?$__crt_seh_guarded_call@X@@QEAAX$$QEAV<lambda_72d1df2b273a38828b1ce30cbf4cdab5>@@AEAV<lambda_876a65b173b8412d3a47c70a915b0cf4>@@$$QEAV<lambda_41932305e351933ebe8f8be3ed8bb5dc>@@@Z@4HA 000000018006aeb8     libucrt:per_thread_data.obj
 0004:00003eb8       $pdata$?fin$0@?0???$?RV<lambda_d67e8342c384adda8f857579ab50b2ae>@@AEAV<lambda_30712929f77e709619002f448b6a9510>@@V<lambda_4525336fd7e478d965fb7ca7a337cad8>@@@?$__crt_seh_guarded_call@X@@QEAAX$$QEAV<lambda_d67e8342c384adda8f857579ab50b2ae>@@AEAV<lambda_30712929f77e709619002f448b6a9510>@@$$QEAV<lambda_4525336fd7e478d965fb7ca7a337cad8>@@@Z@4HA 000000018006aeb8     libucrt:wsetlocale.obj
 0004:00003eb8       $pdata$?fin$0@?0???$?RV<lambda_5e887d1dcbef67a5eb4283622ba103bf>@@AEAV<lambda_4466841279450cc726390878d4a41900>@@V<lambda_341c25c0346d94847f1f3c463c57e077>@@@?$__crt_seh_guarded_call@X@@QEAAX$$QEAV<lambda_5e887d1dcbef67a5eb4283622ba103bf>@@AEAV<lambda_4466841279450cc726390878d4a41900>@@$$QEAV<lambda_341c25c0346d94847f1f3c463c57e077>@@@Z@4HA 000000018006aeb8     libucrt:per_thread_data.obj
 0004:00003eb8       $pdata$?fin$0@?0???$?RV<lambda_46352004c1216016012b18bd6f87e700>@@AEAV<lambda_3bd07e1a1191394380780325891bf33f>@@V<lambda_334532d3f185bcaa59b5be82d7d22bff>@@@?$__crt_seh_guarded_call@X@@QEAAX$$QEAV<lambda_46352004c1216016012b18bd6f87e700>@@AEAV<lambda_3bd07e1a1191394380780325891bf33f>@@$$QEAV<lambda_334532d3f185bcaa59b5be82d7d22bff>@@@Z@4HA 000000018006aeb8     libucrt:per_thread_data.obj
 0004:00003eb8       $pdata$?fin$0@?0???$?RV<lambda_fb3a7dec4e47f37f22dae91bb15c9095>@@AEAV<lambda_698284760c8add0bfb0756c19673e34b>@@V<lambda_dfb8eca1e75fef3034a8fb18dd509707>@@@?$__crt_seh_guarded_call@X@@QEAAX$$QEAV<lambda_fb3a7dec4e47f37f22dae91bb15c9095>@@AEAV<lambda_698284760c8add0bfb0756c19673e34b>@@$$QEAV<lambda_dfb8eca1e75fef3034a8fb18dd509707>@@@Z@4HA 000000018006aeb8     libucrt:per_thread_data.obj
 0004:00003ec4       $pdata$_fcloseall$fin$0    000000018006aec4     libucrt:closeall.obj
 0004:00003ec4       $pdata$?fin$0@?0??__acrt_stdio_allocate_stream@@YA?AV__crt_stdio_stream@@XZ@4HA 000000018006aec4     libucrt:stream.obj
 0004:00003ed0       $pdata$__acrt_update_thread_multibyte_data$fin$0 000000018006aed0     libucrt:mbctype.obj
 0004:00003edc       $pdata$__acrt_lowio_ensure_fh_exists$fin$0 000000018006aedc     libucrt:osfinfo.obj
 0004:00003edc       $pdata$_alloc_osfhnd$fin$0 000000018006aedc     libucrt:osfinfo.obj
 0004:00003edc       $pdata$__acrt_initialize_lowio$fin$0 000000018006aedc     libucrt:ioinit.obj
 0004:00003ee8       $pdata$__acrt_update_thread_locale_data$fin$0 000000018006aee8     libucrt:locale_refcounting.obj
 0004:00003ee8       $pdata$__acrt_uninitialize_locale$fin$0 000000018006aee8     libucrt:wsetlocale.obj
 0004:00003ef4       $pdata$?fin$0@?0???$common_lseek@_J@@YA_JH_JH@Z@4HA 000000018006aef4     libucrt:lseek.obj
 0004:00003ef4       $pdata$_write$fin$0        000000018006aef4     libucrt:write.obj
 0004:00003ef4       $pdata$_read$fin$0         000000018006aef4     libucrt:read.obj
 0004:00003f00       $pdata$?fin$0@?0???$common_sopen_dispatch@D@@YAHQEBDHHHQEAHH@Z@4HA 000000018006af00     libucrt:open.obj
 0004:00003f0c       $pdata$common_control87$filt$0 000000018006af0c     libucrt:ieee.obj
 0004:00003f0c       $pdata$_ctrlfp$filt$0      000000018006af0c     libucrt:fpctrl.obj
 0004:00003f18       $pdata$_IsNonwritableInCurrentImage$filt$0 000000018006af18     LIBCMT:pesect.obj
 0004:00003f24       $pdata$??__F_Fac_tidy_reg@std@@YAXXZ 000000018006af24     libcpmt:locale0.obj
 0004:00003f30       $pdata$??__Fclassic_locale@std@@YAXXZ 000000018006af30     libcpmt:locale0.obj
 0004:00003f3c       $pdata$??__Finit_atexit@@YAXXZ 000000018006af3c     libcpmt:iosptrs.obj
 0005:00000000       __guard_fids__             000000018006b000     libucrt:initialization.obj
 0005:00000060       __guard_fids___acrt_initialize_ptd 000000018006b060     libucrt:per_thread_data.obj
 0005:00000064       __guard_fids__             000000018006b064     libucrt:wsetlocale.obj
 0005:0000007c       __guard_fids__             000000018006b07c     libucrt:stdio_initializer.obj
 0005:00000080       __guard_fids__             000000018006b080     libucrt:stdio_initializer.obj
 0005:00000084       __guard_fids_??$?RV<lambda_630b2aca97f6d20d5b5ea6529ea6b6af>@@AEAV<lambda_af91936f1d075d609f72d9d8cba980af>@@V<lambda_e82fa975f615b5c7c7b0e4d178fdae67>@@@?$__crt_seh_guarded_call@H@@QEAAH$$QEAV<lambda_630b2aca97f6d20d5b5ea6529ea6b6af>@@AEAV<lambda_af91936f1d075d609f72d9d8cba980af>@@$$QEAV<lambda_e82fa975f615b5c7c7b0e4d178fdae67>@@@Z 000000018006b084     libucrt:winapi_thunks.obj
 0005:00000088       __guard_fids___acrt_show_wide_message_box 000000018006b088     libucrt:crtmbox.obj
 0005:0000008c       __guard_fids_??$expand_argument_wildcards@D@@YAHQEAD0AEAV?$argument_list@D@?A0xca0879c4@@@Z 000000018006b08c     libucrt:argv_wildcards.obj
 0005:00000090       __guard_fids__             000000018006b090     libucrt:locale_initializer.obj
 0005:00000094       __guard_fids_GetLocaleNameFromLangCountry 000000018006b094     libucrt:get_qualified_locale.obj
 0005:00000098       __guard_fids_GetLocaleNameFromLanguage 000000018006b098     libucrt:get_qualified_locale.obj
 0005:0000009c       __guard_fids___acrt_get_qualified_locale_downlevel 000000018006b09c     libucrt:getqloc_downlevel.obj
 0005:000000a0       __guard_fids_GetLcidFromLangCountry 000000018006b0a0     libucrt:getqloc_downlevel.obj
 0005:000000a4       __guard_fids_GetLcidFromLanguage 000000018006b0a4     libucrt:getqloc_downlevel.obj
 0005:000000a8       __guard_fids__             000000018006b0a8     libucrt:fma3_initializer.obj
 0005:000000ac       __guard_fids__             000000018006b0ac     libucrt:timeset_initializer.obj
 0005:000000b0       __guard_fids__             000000018006b0b0     libucrt:multibyte_initializer.obj
 0005:000000b4       __guard_fids__             000000018006b0b4     libucrt:console_output_initializer.obj
 0005:000000b8       __guard_fids_??__Einitlocks@std@@YAXXZ 000000018006b0b8     libcpmt:xlock.obj
 0005:000000bc       __guard_fids__             000000018006b0bc     libcpmt:xlock.obj
 0005:000000c0       __guard_fids_??__E_Fac_tidy_reg@std@@YAXXZ 000000018006b0c0     libcpmt:locale0.obj
 0005:000000c4       __guard_fids_?_Setgloballocale@locale@std@@CAXPEAX@Z 000000018006b0c4     libcpmt:locale0.obj
 0005:000000c8       __guard_fids_??__Eclassic_locale@std@@YAXXZ 000000018006b0c8     libcpmt:locale0.obj
 0005:000000cc       __guard_fids__             000000018006b0cc     libcpmt:locale0.obj
 0005:000000d8       __guard_fids__             000000018006b0d8     libcpmt:locale0.obj
 0005:000000e4       __guard_fids__             000000018006b0e4     libcpmt:locale0.obj
 0005:000000e8       __guard_fids__             000000018006b0e8     libcpmt:locale0.obj
 0005:000000ec       __guard_fids__             000000018006b0ec     libcpmt:xthrow.obj
 0005:000000f4       __guard_fids__             000000018006b0f4     libcpmt:xthrow.obj
 0005:000000fc       __guard_fids__             000000018006b0fc     libcpmt:xthrow.obj
 0005:00000104       __guard_fids__             000000018006b104     libcpmt:xthrow.obj
 0005:0000010c       __guard_fids__             000000018006b10c     libcpmt:xthrow.obj
 0005:00000114       __guard_fids__             000000018006b114     libcpmt:xthrow.obj
 0005:0000011c       __guard_fids__             000000018006b11c     libcpmt:xthrow.obj
 0005:00000124       __guard_fids__             000000018006b124     libcpmt:xthrow.obj
 0005:0000012c       __guard_fids_??__Einitlocks@std@@YAXXZ 000000018006b12c     libcpmt:iosptrs.obj
 0005:00000130       __guard_fids_??__Einit_atexit@@YAXXZ 000000018006b130     libcpmt:iosptrs.obj
 0005:00000134       __guard_fids__             000000018006b134     libcpmt:iosptrs.obj
 0005:00000138       __guard_fids__             000000018006b138     libcpmt:iosptrs.obj
 0005:0000013c       __guard_fids__             000000018006b13c     libcpmt:locale.obj
 0005:00000168       __guard_fids__             000000018006b168     libcpmt:locale.obj
 0005:00000194       __guard_fids__             000000018006b194     libcpmt:locale.obj
 0005:000001b4       __guard_fids__             000000018006b1b4     libcpmt:locale.obj
 0005:000001dc       __guard_fids__             000000018006b1dc     libcpmt:winapisupp.obj
 0005:000001e0       __guard_fids__             000000018006b1e0     libcpmt:xlocale.obj
 0005:000001f8       __guard_fids__             000000018006b1f8     LIBCMT:thread_safe_statics.obj
 0005:000001fc       __guard_fids_?__scrt_initialize_thread_safe_statics@@YAHXZ 000000018006b1fc     LIBCMT:thread_safe_statics.obj
 0005:00000200       __guard_fids__             000000018006b200     LIBCMT:std_type_info_static.obj
 0005:00000204       __guard_fids_?dllmain_crt_process_attach@@YAHQEAUHINSTANCE__@@QEAX@Z 000000018006b204     LIBCMT:dll_dllmain.obj
 0005:0000020c       __guard_fids_?dllmain_dispatch@@YAHQEAUHINSTANCE__@@KQEAX@Z 000000018006b20c     LIBCMT:dll_dllmain.obj
 0005:00000210       __guard_fids__             000000018006b210     LIBCMT:throw_bad_alloc.obj
 0005:00000218       __guard_fids__             000000018006b218     LIBCMT:guard_support.obj
 0005:0000021c       __guard_fids__             000000018006b21c     libvcruntime:frame.obj
 0005:00000220       __guard_fids__             000000018006b220     libvcruntime:frame.obj
 0005:00000228       __guard_fids__UnwindNestedFrames 000000018006b228     libvcruntime:trnsctrl.obj
 0005:0000022c       __guard_fids___vcrt_initialize_ptd 000000018006b22c     libvcruntime:per_thread_data.obj
 0007:00000060       $R000000                   000000018006d060     * linker generated manifest res *

 Exports

  ordinal    name

        1    _register_ann_
